thanh0908@ubuntu:~$ echo hello world
hello world
thanh0908@ubuntu:~$ passwd
Changing password for thanh0908.
(current) UNIX password: 
Enter new UNIX password: 
Retype new UNIX password: 
passwd: password updated successfully
thanh0908@ubuntu:~$ date
Mon Jan 20 05:24:13 PST 2020
thanh0908@ubuntu:~$ hostname
ubuntu
thanh0908@ubuntu:~$ arch
x86_64
thanh0908@ubuntu:~$ uname -a
Linux ubuntu 5.0.0-23-generic #24~18.04.1-Ubuntu SMP Mon Jul 29 16:12:28 UTC 2019 x86_64 x86_64 x86_64 GNU/Linux
thanh0908@ubuntu:~$ dmesg
[    0.000000] Linux version 5.0.0-23-generic (buildd@lgw01-amd64-030) (gcc version 7.4.0 (Ubuntu 7.4.0-1ubuntu1~18.04.1)) #24~18.04.1-Ubuntu SMP Mon Jul 29 16:12:28 UTC 2019 (Ubuntu 5.0.0-23.24~18.04.1-generic 5.0.15)
[    0.000000] Command line: BOOT_IMAGE=/boot/vmlinuz-5.0.0-23-generic root=UUID=775dadea-0a21-4717-ae36-4ebe14604a15 ro find_preseed=/preseed.cfg auto noprompt priority=critical locale=en_US quiet
[    0.000000] KERNEL supported cpus:
[    0.000000]   Intel GenuineIntel
[    0.000000]   AMD AuthenticAMD
[    0.000000]   Hygon HygonGenuine
[    0.000000]   Centaur CentaurHauls
[    0.000000] Disabled fast string operations
[    0.000000] x86/fpu: Supporting XSAVE feature 0x001: 'x87 floating point registers'
[    0.000000] x86/fpu: Supporting XSAVE feature 0x002: 'SSE registers'
[    0.000000] x86/fpu: Supporting XSAVE feature 0x004: 'AVX registers'
[    0.000000] x86/fpu: xstate_offset[2]:  576, xstate_sizes[2]:  256
[    0.000000] x86/fpu: Enabled xstate features 0x7, context size is 832 bytes, using 'standard' format.
[    0.000000] BIOS-provided physical RAM map:
[    0.000000] BIOS-e820: [mem 0x0000000000000000-0x000000000009e7ff] usable
[    0.000000] BIOS-e820: [mem 0x000000000009e800-0x000000000009ffff] reserved
[    0.000000] BIOS-e820: [mem 0x00000000000dc000-0x00000000000fffff] reserved
[    0.000000] BIOS-e820: [mem 0x0000000000100000-0x000000007fedffff] usable
[    0.000000] BIOS-e820: [mem 0x000000007fee0000-0x000000007fefefff] ACPI data
[    0.000000] BIOS-e820: [mem 0x000000007feff000-0x000000007fefffff] ACPI NVS
[    0.000000] BIOS-e820: [mem 0x000000007ff00000-0x000000007fffffff] usable
[    0.000000] BIOS-e820: [mem 0x00000000f0000000-0x00000000f7ffffff] reserved
[    0.000000] BIOS-e820: [mem 0x00000000fec00000-0x00000000fec0ffff] reserved
[    0.000000] BIOS-e820: [mem 0x00000000fee00000-0x00000000fee00fff] reserved
[    0.000000] BIOS-e820: [mem 0x00000000fffe0000-0x00000000ffffffff] reserved
[    0.000000] NX (Execute Disable) protection: active
[    0.000000] SMBIOS 2.7 present.
[    0.000000] DMI: VMware, Inc. VMware Virtual Platform/440BX Desktop Reference Platform, BIOS 6.00 07/29/2019
[    0.000000] Hypervisor detected: VMware
[    0.000000] vmware: TSC freq read from hypervisor : 2194.923 MHz
[    0.000000] vmware: Host bus clock speed read from hypervisor : 66000000 Hz
[    0.000000] vmware: using sched offset of 3629307852 ns
[    0.000002] tsc: Detected 2194.923 MHz processor
[    0.005171] e820: update [mem 0x00000000-0x00000fff] usable ==> reserved
[    0.005172] e820: remove [mem 0x000a0000-0x000fffff] usable
[    0.005178] last_pfn = 0x80000 max_arch_pfn = 0x400000000
[    0.005194] MTRR default type: uncachable
[    0.005195] MTRR fixed ranges enabled:
[    0.005196]   00000-9FFFF write-back
[    0.005196]   A0000-BFFFF uncachable
[    0.005197]   C0000-CFFFF write-protect
[    0.005198]   D0000-EFFFF uncachable
[    0.005198]   F0000-FFFFF write-protect
[    0.005199] MTRR variable ranges enabled:
[    0.005200]   0 base 00000000000 mask 7FF00000000 write-back
[    0.005201]   1 base 000C0000000 mask 7FFC0000000 uncachable
[    0.005201]   2 disabled
[    0.005202]   3 disabled
[    0.005202]   4 disabled
[    0.005203]   5 disabled
[    0.005203]   6 disabled
[    0.005203]   7 disabled
[    0.005221] x86/PAT: Configuration [0-7]: WB  WC  UC- UC  WB  WP  UC- WT  
[    0.005234] total RAM covered: 3072M
[    0.005604] Found optimal setting for mtrr clean up
[    0.005605]  gran_size: 64K 	chunk_size: 64K 	num_reg: 2  	lose cover RAM: 0G
[    0.015994] found SMP MP-table at [mem 0x000f6a70-0x000f6a7f]
[    0.016359] check: Scanning 1 areas for low memory corruption
[    0.016393] Using GB pages for direct mapping
[    0.016396] BRK [0x31402000, 0x31402fff] PGTABLE
[    0.016398] BRK [0x31403000, 0x31403fff] PGTABLE
[    0.016399] BRK [0x31404000, 0x31404fff] PGTABLE
[    0.016438] BRK [0x31405000, 0x31405fff] PGTABLE
[    0.016440] BRK [0x31406000, 0x31406fff] PGTABLE
[    0.016578] BRK [0x31407000, 0x31407fff] PGTABLE
[    0.016633] RAMDISK: [mem 0x3333d000-0x35995fff]
[    0.016662] ACPI: Early table checksum verification disabled
[    0.016720] ACPI: RSDP 0x00000000000F6A00 000024 (v02 PTLTD )
[    0.016726] ACPI: XSDT 0x000000007FEE965B 00005C (v01 INTEL  440BX    06040000 VMW  01324272)
[    0.016733] ACPI: FACP 0x000000007FEFEE73 0000F4 (v04 INTEL  440BX    06040000 PTL  000F4240)
[    0.016740] ACPI: DSDT 0x000000007FEEAD55 01411E (v01 PTLTD  Custom   06040000 MSFT 03000001)
[    0.016745] ACPI: FACS 0x000000007FEFFFC0 000040
[    0.016747] ACPI: FACS 0x000000007FEFFFC0 000040
[    0.016750] ACPI: BOOT 0x000000007FEEAD2D 000028 (v01 PTLTD  $SBFTBL$ 06040000  LTP 00000001)
[    0.016754] ACPI: APIC 0x000000007FEEA5EB 000742 (v01 PTLTD  ? APIC   06040000  LTP 00000000)
[    0.016757] ACPI: MCFG 0x000000007FEEA5AF 00003C (v01 PTLTD  $PCITBL$ 06040000  LTP 00000001)
[    0.016760] ACPI: SRAT 0x000000007FEE9757 0008A8 (v02 VMWARE MEMPLUG  06040000 VMW  00000001)
[    0.016763] ACPI: HPET 0x000000007FEE971F 000038 (v01 VMWARE VMW HPET 06040000 VMW  00000001)
[    0.016767] ACPI: WAET 0x000000007FEE96F7 000028 (v01 VMWARE VMW WAET 06040000 VMW  00000001)
[    0.016777] ACPI: Local APIC address 0xfee00000
[    0.016787] system APIC only can use physical flat
[    0.016788] Setting APIC routing to physical flat.
[    0.016828] SRAT: PXM 0 -> APIC 0x00 -> Node 0
[    0.016829] SRAT: PXM 0 -> APIC 0x02 -> Node 0
[    0.016829] SRAT: PXM 0 -> APIC 0x04 -> Node 0
[    0.016830] SRAT: PXM 0 -> APIC 0x06 -> Node 0
[    0.016830] SRAT: PXM 0 -> APIC 0x08 -> Node 0
[    0.016831] SRAT: PXM 0 -> APIC 0x0a -> Node 0
[    0.016831] SRAT: PXM 0 -> APIC 0x0c -> Node 0
[    0.016832] SRAT: PXM 0 -> APIC 0x0e -> Node 0
[    0.016832] SRAT: PXM 0 -> APIC 0x10 -> Node 0
[    0.016833] SRAT: PXM 0 -> APIC 0x12 -> Node 0
[    0.016833] SRAT: PXM 0 -> APIC 0x14 -> Node 0
[    0.016834] SRAT: PXM 0 -> APIC 0x16 -> Node 0
[    0.016834] SRAT: PXM 0 -> APIC 0x18 -> Node 0
[    0.016834] SRAT: PXM 0 -> APIC 0x1a -> Node 0
[    0.016835] SRAT: PXM 0 -> APIC 0x1c -> Node 0
[    0.016835] SRAT: PXM 0 -> APIC 0x1e -> Node 0
[    0.016836] SRAT: PXM 0 -> APIC 0x20 -> Node 0
[    0.016836] SRAT: PXM 0 -> APIC 0x22 -> Node 0
[    0.016837] SRAT: PXM 0 -> APIC 0x24 -> Node 0
[    0.016837] SRAT: PXM 0 -> APIC 0x26 -> Node 0
[    0.016838] SRAT: PXM 0 -> APIC 0x28 -> Node 0
[    0.016838] SRAT: PXM 0 -> APIC 0x2a -> Node 0
[    0.016839] SRAT: PXM 0 -> APIC 0x2c -> Node 0
[    0.016839] SRAT: PXM 0 -> APIC 0x2e -> Node 0
[    0.016840] SRAT: PXM 0 -> APIC 0x30 -> Node 0
[    0.016840] SRAT: PXM 0 -> APIC 0x32 -> Node 0
[    0.016841] SRAT: PXM 0 -> APIC 0x34 -> Node 0
[    0.016841] SRAT: PXM 0 -> APIC 0x36 -> Node 0
[    0.016841] SRAT: PXM 0 -> APIC 0x38 -> Node 0
[    0.016842] SRAT: PXM 0 -> APIC 0x3a -> Node 0
[    0.016842] SRAT: PXM 0 -> APIC 0x3c -> Node 0
[    0.016843] SRAT: PXM 0 -> APIC 0x3e -> Node 0
[    0.016843] SRAT: PXM 0 -> APIC 0x40 -> Node 0
[    0.016844] SRAT: PXM 0 -> APIC 0x42 -> Node 0
[    0.016844] SRAT: PXM 0 -> APIC 0x44 -> Node 0
[    0.016845] SRAT: PXM 0 -> APIC 0x46 -> Node 0
[    0.016845] SRAT: PXM 0 -> APIC 0x48 -> Node 0
[    0.016846] SRAT: PXM 0 -> APIC 0x4a -> Node 0
[    0.016846] SRAT: PXM 0 -> APIC 0x4c -> Node 0
[    0.016847] SRAT: PXM 0 -> APIC 0x4e -> Node 0
[    0.016847] SRAT: PXM 0 -> APIC 0x50 -> Node 0
[    0.016847] SRAT: PXM 0 -> APIC 0x52 -> Node 0
[    0.016848] SRAT: PXM 0 -> APIC 0x54 -> Node 0
[    0.016848] SRAT: PXM 0 -> APIC 0x56 -> Node 0
[    0.016849] SRAT: PXM 0 -> APIC 0x58 -> Node 0
[    0.016849] SRAT: PXM 0 -> APIC 0x5a -> Node 0
[    0.016850] SRAT: PXM 0 -> APIC 0x5c -> Node 0
[    0.016850] SRAT: PXM 0 -> APIC 0x5e -> Node 0
[    0.016851] SRAT: PXM 0 -> APIC 0x60 -> Node 0
[    0.016851] SRAT: PXM 0 -> APIC 0x62 -> Node 0
[    0.016852] SRAT: PXM 0 -> APIC 0x64 -> Node 0
[    0.016852] SRAT: PXM 0 -> APIC 0x66 -> Node 0
[    0.016853] SRAT: PXM 0 -> APIC 0x68 -> Node 0
[    0.016853] SRAT: PXM 0 -> APIC 0x6a -> Node 0
[    0.016854] SRAT: PXM 0 -> APIC 0x6c -> Node 0
[    0.016854] SRAT: PXM 0 -> APIC 0x6e -> Node 0
[    0.016854] SRAT: PXM 0 -> APIC 0x70 -> Node 0
[    0.016855] SRAT: PXM 0 -> APIC 0x72 -> Node 0
[    0.016855] SRAT: PXM 0 -> APIC 0x74 -> Node 0
[    0.016856] SRAT: PXM 0 -> APIC 0x76 -> Node 0
[    0.016856] SRAT: PXM 0 -> APIC 0x78 -> Node 0
[    0.016857] SRAT: PXM 0 -> APIC 0x7a -> Node 0
[    0.016857] SRAT: PXM 0 -> APIC 0x7c -> Node 0
[    0.016858] SRAT: PXM 0 -> APIC 0x7e -> Node 0
[    0.016858] SRAT: PXM 0 -> APIC 0x80 -> Node 0
[    0.016859] SRAT: PXM 0 -> APIC 0x82 -> Node 0
[    0.016859] SRAT: PXM 0 -> APIC 0x84 -> Node 0
[    0.016860] SRAT: PXM 0 -> APIC 0x86 -> Node 0
[    0.016860] SRAT: PXM 0 -> APIC 0x88 -> Node 0
[    0.016860] SRAT: PXM 0 -> APIC 0x8a -> Node 0
[    0.016861] SRAT: PXM 0 -> APIC 0x8c -> Node 0
[    0.016861] SRAT: PXM 0 -> APIC 0x8e -> Node 0
[    0.016862] SRAT: PXM 0 -> APIC 0x90 -> Node 0
[    0.016862] SRAT: PXM 0 -> APIC 0x92 -> Node 0
[    0.016863] SRAT: PXM 0 -> APIC 0x94 -> Node 0
[    0.016863] SRAT: PXM 0 -> APIC 0x96 -> Node 0
[    0.016864] SRAT: PXM 0 -> APIC 0x98 -> Node 0
[    0.016864] SRAT: PXM 0 -> APIC 0x9a -> Node 0
[    0.016865] SRAT: PXM 0 -> APIC 0x9c -> Node 0
[    0.016865] SRAT: PXM 0 -> APIC 0x9e -> Node 0
[    0.016866] SRAT: PXM 0 -> APIC 0xa0 -> Node 0
[    0.016866] SRAT: PXM 0 -> APIC 0xa2 -> Node 0
[    0.016867] SRAT: PXM 0 -> APIC 0xa4 -> Node 0
[    0.016867] SRAT: PXM 0 -> APIC 0xa6 -> Node 0
[    0.016867] SRAT: PXM 0 -> APIC 0xa8 -> Node 0
[    0.016868] SRAT: PXM 0 -> APIC 0xaa -> Node 0
[    0.016868] SRAT: PXM 0 -> APIC 0xac -> Node 0
[    0.016869] SRAT: PXM 0 -> APIC 0xae -> Node 0
[    0.016869] SRAT: PXM 0 -> APIC 0xb0 -> Node 0
[    0.016870] SRAT: PXM 0 -> APIC 0xb2 -> Node 0
[    0.016870] SRAT: PXM 0 -> APIC 0xb4 -> Node 0
[    0.016871] SRAT: PXM 0 -> APIC 0xb6 -> Node 0
[    0.016871] SRAT: PXM 0 -> APIC 0xb8 -> Node 0
[    0.016872] SRAT: PXM 0 -> APIC 0xba -> Node 0
[    0.016872] SRAT: PXM 0 -> APIC 0xbc -> Node 0
[    0.016873] SRAT: PXM 0 -> APIC 0xbe -> Node 0
[    0.016873] SRAT: PXM 0 -> APIC 0xc0 -> Node 0
[    0.016873] SRAT: PXM 0 -> APIC 0xc2 -> Node 0
[    0.016874] SRAT: PXM 0 -> APIC 0xc4 -> Node 0
[    0.016874] SRAT: PXM 0 -> APIC 0xc6 -> Node 0
[    0.016875] SRAT: PXM 0 -> APIC 0xc8 -> Node 0
[    0.016875] SRAT: PXM 0 -> APIC 0xca -> Node 0
[    0.016876] SRAT: PXM 0 -> APIC 0xcc -> Node 0
[    0.016876] SRAT: PXM 0 -> APIC 0xce -> Node 0
[    0.016877] SRAT: PXM 0 -> APIC 0xd0 -> Node 0
[    0.016877] SRAT: PXM 0 -> APIC 0xd2 -> Node 0
[    0.016878] SRAT: PXM 0 -> APIC 0xd4 -> Node 0
[    0.016878] SRAT: PXM 0 -> APIC 0xd6 -> Node 0
[    0.016879] SRAT: PXM 0 -> APIC 0xd8 -> Node 0
[    0.016879] SRAT: PXM 0 -> APIC 0xda -> Node 0
[    0.016879] SRAT: PXM 0 -> APIC 0xdc -> Node 0
[    0.016880] SRAT: PXM 0 -> APIC 0xde -> Node 0
[    0.016880] SRAT: PXM 0 -> APIC 0xe0 -> Node 0
[    0.016881] SRAT: PXM 0 -> APIC 0xe2 -> Node 0
[    0.016881] SRAT: PXM 0 -> APIC 0xe4 -> Node 0
[    0.016882] SRAT: PXM 0 -> APIC 0xe6 -> Node 0
[    0.016882] SRAT: PXM 0 -> APIC 0xe8 -> Node 0
[    0.016883] SRAT: PXM 0 -> APIC 0xea -> Node 0
[    0.016883] SRAT: PXM 0 -> APIC 0xec -> Node 0
[    0.016884] SRAT: PXM 0 -> APIC 0xee -> Node 0
[    0.016884] SRAT: PXM 0 -> APIC 0xf0 -> Node 0
[    0.016885] SRAT: PXM 0 -> APIC 0xf2 -> Node 0
[    0.016885] SRAT: PXM 0 -> APIC 0xf4 -> Node 0
[    0.016885] SRAT: PXM 0 -> APIC 0xf6 -> Node 0
[    0.016886] SRAT: PXM 0 -> APIC 0xf8 -> Node 0
[    0.016886] SRAT: PXM 0 -> APIC 0xfa -> Node 0
[    0.016887] SRAT: PXM 0 -> APIC 0xfc -> Node 0
[    0.016887] SRAT: PXM 0 -> APIC 0xfe -> Node 0
[    0.016891] ACPI: SRAT: Node 0 PXM 0 [mem 0x00000000-0x0009ffff]
[    0.016892] ACPI: SRAT: Node 0 PXM 0 [mem 0x00100000-0x7fffffff]
[    0.016892] ACPI: SRAT: Node 0 PXM 0 [mem 0x80000000-0xbfffffff] hotplug
[    0.016895] NUMA: Node 0 [mem 0x00000000-0x0009ffff] + [mem 0x00100000-0x7fffffff] -> [mem 0x00000000-0x7fffffff]
[    0.016903] NODE_DATA(0) allocated [mem 0x7ffd5000-0x7fffffff]
[    0.017095] Zone ranges:
[    0.017095]   DMA      [mem 0x0000000000001000-0x0000000000ffffff]
[    0.017097]   DMA32    [mem 0x0000000001000000-0x000000007fffffff]
[    0.017097]   Normal   empty
[    0.017098]   Device   empty
[    0.017099] Movable zone start for each node
[    0.017102] Early memory node ranges
[    0.017102]   node   0: [mem 0x0000000000001000-0x000000000009dfff]
[    0.017103]   node   0: [mem 0x0000000000100000-0x000000007fedffff]
[    0.017104]   node   0: [mem 0x000000007ff00000-0x000000007fffffff]
[    0.017261] Zeroed struct page in unavailable ranges: 131 pages
[    0.017263] Initmem setup node 0 [mem 0x0000000000001000-0x000000007fffffff]
[    0.017264] On node 0 totalpages: 524157
[    0.017265]   DMA zone: 64 pages used for memmap
[    0.017265]   DMA zone: 21 pages reserved
[    0.017266]   DMA zone: 3997 pages, LIFO batch:0
[    0.018782]   DMA32 zone: 8128 pages used for memmap
[    0.018783]   DMA32 zone: 520160 pages, LIFO batch:63
[    0.066359] ACPI: PM-Timer IO Port: 0x1008
[    0.066362] ACPI: Local APIC address 0xfee00000
[    0.066366] system APIC only can use physical flat
[    0.066378] ACPI: LAPIC_NMI (acpi_id[0x00] high edge lint[0x1])
[    0.066378] ACPI: LAPIC_NMI (acpi_id[0x01] high edge lint[0x1])
[    0.066379] ACPI: LAPIC_NMI (acpi_id[0x02] high edge lint[0x1])
[    0.066379] ACPI: LAPIC_NMI (acpi_id[0x03] high edge lint[0x1])
[    0.066380] ACPI: LAPIC_NMI (acpi_id[0x04] high edge lint[0x1])
[    0.066380] ACPI: LAPIC_NMI (acpi_id[0x05] high edge lint[0x1])
[    0.066381] ACPI: LAPIC_NMI (acpi_id[0x06] high edge lint[0x1])
[    0.066381] ACPI: LAPIC_NMI (acpi_id[0x07] high edge lint[0x1])
[    0.066382] ACPI: LAPIC_NMI (acpi_id[0x08] high edge lint[0x1])
[    0.066382] ACPI: LAPIC_NMI (acpi_id[0x09] high edge lint[0x1])
[    0.066383] ACPI: LAPIC_NMI (acpi_id[0x0a] high edge lint[0x1])
[    0.066383] ACPI: LAPIC_NMI (acpi_id[0x0b] high edge lint[0x1])
[    0.066384] ACPI: LAPIC_NMI (acpi_id[0x0c] high edge lint[0x1])
[    0.066384] ACPI: LAPIC_NMI (acpi_id[0x0d] high edge lint[0x1])
[    0.066385] ACPI: LAPIC_NMI (acpi_id[0x0e] high edge lint[0x1])
[    0.066385] ACPI: LAPIC_NMI (acpi_id[0x0f] high edge lint[0x1])
[    0.066386] ACPI: LAPIC_NMI (acpi_id[0x10] high edge lint[0x1])
[    0.066386] ACPI: LAPIC_NMI (acpi_id[0x11] high edge lint[0x1])
[    0.066387] ACPI: LAPIC_NMI (acpi_id[0x12] high edge lint[0x1])
[    0.066387] ACPI: LAPIC_NMI (acpi_id[0x13] high edge lint[0x1])
[    0.066388] ACPI: LAPIC_NMI (acpi_id[0x14] high edge lint[0x1])
[    0.066388] ACPI: LAPIC_NMI (acpi_id[0x15] high edge lint[0x1])
[    0.066388] ACPI: LAPIC_NMI (acpi_id[0x16] high edge lint[0x1])
[    0.066389] ACPI: LAPIC_NMI (acpi_id[0x17] high edge lint[0x1])
[    0.066389] ACPI: LAPIC_NMI (acpi_id[0x18] high edge lint[0x1])
[    0.066390] ACPI: LAPIC_NMI (acpi_id[0x19] high edge lint[0x1])
[    0.066390] ACPI: LAPIC_NMI (acpi_id[0x1a] high edge lint[0x1])
[    0.066391] ACPI: LAPIC_NMI (acpi_id[0x1b] high edge lint[0x1])
[    0.066391] ACPI: LAPIC_NMI (acpi_id[0x1c] high edge lint[0x1])
[    0.066392] ACPI: LAPIC_NMI (acpi_id[0x1d] high edge lint[0x1])
[    0.066392] ACPI: LAPIC_NMI (acpi_id[0x1e] high edge lint[0x1])
[    0.066393] ACPI: LAPIC_NMI (acpi_id[0x1f] high edge lint[0x1])
[    0.066393] ACPI: LAPIC_NMI (acpi_id[0x20] high edge lint[0x1])
[    0.066394] ACPI: LAPIC_NMI (acpi_id[0x21] high edge lint[0x1])
[    0.066394] ACPI: LAPIC_NMI (acpi_id[0x22] high edge lint[0x1])
[    0.066395] ACPI: LAPIC_NMI (acpi_id[0x23] high edge lint[0x1])
[    0.066395] ACPI: LAPIC_NMI (acpi_id[0x24] high edge lint[0x1])
[    0.066396] ACPI: LAPIC_NMI (acpi_id[0x25] high edge lint[0x1])
[    0.066396] ACPI: LAPIC_NMI (acpi_id[0x26] high edge lint[0x1])
[    0.066397] ACPI: LAPIC_NMI (acpi_id[0x27] high edge lint[0x1])
[    0.066397] ACPI: LAPIC_NMI (acpi_id[0x28] high edge lint[0x1])
[    0.066398] ACPI: LAPIC_NMI (acpi_id[0x29] high edge lint[0x1])
[    0.066398] ACPI: LAPIC_NMI (acpi_id[0x2a] high edge lint[0x1])
[    0.066398] ACPI: LAPIC_NMI (acpi_id[0x2b] high edge lint[0x1])
[    0.066399] ACPI: LAPIC_NMI (acpi_id[0x2c] high edge lint[0x1])
[    0.066399] ACPI: LAPIC_NMI (acpi_id[0x2d] high edge lint[0x1])
[    0.066400] ACPI: LAPIC_NMI (acpi_id[0x2e] high edge lint[0x1])
[    0.066400] ACPI: LAPIC_NMI (acpi_id[0x2f] high edge lint[0x1])
[    0.066401] ACPI: LAPIC_NMI (acpi_id[0x30] high edge lint[0x1])
[    0.066401] ACPI: LAPIC_NMI (acpi_id[0x31] high edge lint[0x1])
[    0.066402] ACPI: LAPIC_NMI (acpi_id[0x32] high edge lint[0x1])
[    0.066402] ACPI: LAPIC_NMI (acpi_id[0x33] high edge lint[0x1])
[    0.066403] ACPI: LAPIC_NMI (acpi_id[0x34] high edge lint[0x1])
[    0.066403] ACPI: LAPIC_NMI (acpi_id[0x35] high edge lint[0x1])
[    0.066404] ACPI: LAPIC_NMI (acpi_id[0x36] high edge lint[0x1])
[    0.066404] ACPI: LAPIC_NMI (acpi_id[0x37] high edge lint[0x1])
[    0.066405] ACPI: LAPIC_NMI (acpi_id[0x38] high edge lint[0x1])
[    0.066405] ACPI: LAPIC_NMI (acpi_id[0x39] high edge lint[0x1])
[    0.066406] ACPI: LAPIC_NMI (acpi_id[0x3a] high edge lint[0x1])
[    0.066406] ACPI: LAPIC_NMI (acpi_id[0x3b] high edge lint[0x1])
[    0.066406] ACPI: LAPIC_NMI (acpi_id[0x3c] high edge lint[0x1])
[    0.066407] ACPI: LAPIC_NMI (acpi_id[0x3d] high edge lint[0x1])
[    0.066407] ACPI: LAPIC_NMI (acpi_id[0x3e] high edge lint[0x1])
[    0.066408] ACPI: LAPIC_NMI (acpi_id[0x3f] high edge lint[0x1])
[    0.066408] ACPI: LAPIC_NMI (acpi_id[0x40] high edge lint[0x1])
[    0.066409] ACPI: LAPIC_NMI (acpi_id[0x41] high edge lint[0x1])
[    0.066409] ACPI: LAPIC_NMI (acpi_id[0x42] high edge lint[0x1])
[    0.066410] ACPI: LAPIC_NMI (acpi_id[0x43] high edge lint[0x1])
[    0.066410] ACPI: LAPIC_NMI (acpi_id[0x44] high edge lint[0x1])
[    0.066411] ACPI: LAPIC_NMI (acpi_id[0x45] high edge lint[0x1])
[    0.066411] ACPI: LAPIC_NMI (acpi_id[0x46] high edge lint[0x1])
[    0.066412] ACPI: LAPIC_NMI (acpi_id[0x47] high edge lint[0x1])
[    0.066412] ACPI: LAPIC_NMI (acpi_id[0x48] high edge lint[0x1])
[    0.066413] ACPI: LAPIC_NMI (acpi_id[0x49] high edge lint[0x1])
[    0.066413] ACPI: LAPIC_NMI (acpi_id[0x4a] high edge lint[0x1])
[    0.066414] ACPI: LAPIC_NMI (acpi_id[0x4b] high edge lint[0x1])
[    0.066414] ACPI: LAPIC_NMI (acpi_id[0x4c] high edge lint[0x1])
[    0.066414] ACPI: LAPIC_NMI (acpi_id[0x4d] high edge lint[0x1])
[    0.066415] ACPI: LAPIC_NMI (acpi_id[0x4e] high edge lint[0x1])
[    0.066415] ACPI: LAPIC_NMI (acpi_id[0x4f] high edge lint[0x1])
[    0.066416] ACPI: LAPIC_NMI (acpi_id[0x50] high edge lint[0x1])
[    0.066416] ACPI: LAPIC_NMI (acpi_id[0x51] high edge lint[0x1])
[    0.066417] ACPI: LAPIC_NMI (acpi_id[0x52] high edge lint[0x1])
[    0.066417] ACPI: LAPIC_NMI (acpi_id[0x53] high edge lint[0x1])
[    0.066418] ACPI: LAPIC_NMI (acpi_id[0x54] high edge lint[0x1])
[    0.066418] ACPI: LAPIC_NMI (acpi_id[0x55] high edge lint[0x1])
[    0.066419] ACPI: LAPIC_NMI (acpi_id[0x56] high edge lint[0x1])
[    0.066419] ACPI: LAPIC_NMI (acpi_id[0x57] high edge lint[0x1])
[    0.066420] ACPI: LAPIC_NMI (acpi_id[0x58] high edge lint[0x1])
[    0.066420] ACPI: LAPIC_NMI (acpi_id[0x59] high edge lint[0x1])
[    0.066421] ACPI: LAPIC_NMI (acpi_id[0x5a] high edge lint[0x1])
[    0.066421] ACPI: LAPIC_NMI (acpi_id[0x5b] high edge lint[0x1])
[    0.066422] ACPI: LAPIC_NMI (acpi_id[0x5c] high edge lint[0x1])
[    0.066422] ACPI: LAPIC_NMI (acpi_id[0x5d] high edge lint[0x1])
[    0.066423] ACPI: LAPIC_NMI (acpi_id[0x5e] high edge lint[0x1])
[    0.066423] ACPI: LAPIC_NMI (acpi_id[0x5f] high edge lint[0x1])
[    0.066423] ACPI: LAPIC_NMI (acpi_id[0x60] high edge lint[0x1])
[    0.066424] ACPI: LAPIC_NMI (acpi_id[0x61] high edge lint[0x1])
[    0.066424] ACPI: LAPIC_NMI (acpi_id[0x62] high edge lint[0x1])
[    0.066425] ACPI: LAPIC_NMI (acpi_id[0x63] high edge lint[0x1])
[    0.066425] ACPI: LAPIC_NMI (acpi_id[0x64] high edge lint[0x1])
[    0.066426] ACPI: LAPIC_NMI (acpi_id[0x65] high edge lint[0x1])
[    0.066426] ACPI: LAPIC_NMI (acpi_id[0x66] high edge lint[0x1])
[    0.066427] ACPI: LAPIC_NMI (acpi_id[0x67] high edge lint[0x1])
[    0.066427] ACPI: LAPIC_NMI (acpi_id[0x68] high edge lint[0x1])
[    0.066428] ACPI: LAPIC_NMI (acpi_id[0x69] high edge lint[0x1])
[    0.066428] ACPI: LAPIC_NMI (acpi_id[0x6a] high edge lint[0x1])
[    0.066429] ACPI: LAPIC_NMI (acpi_id[0x6b] high edge lint[0x1])
[    0.066429] ACPI: LAPIC_NMI (acpi_id[0x6c] high edge lint[0x1])
[    0.066430] ACPI: LAPIC_NMI (acpi_id[0x6d] high edge lint[0x1])
[    0.066430] ACPI: LAPIC_NMI (acpi_id[0x6e] high edge lint[0x1])
[    0.066431] ACPI: LAPIC_NMI (acpi_id[0x6f] high edge lint[0x1])
[    0.066431] ACPI: LAPIC_NMI (acpi_id[0x70] high edge lint[0x1])
[    0.066432] ACPI: LAPIC_NMI (acpi_id[0x71] high edge lint[0x1])
[    0.066432] ACPI: LAPIC_NMI (acpi_id[0x72] high edge lint[0x1])
[    0.066432] ACPI: LAPIC_NMI (acpi_id[0x73] high edge lint[0x1])
[    0.066433] ACPI: LAPIC_NMI (acpi_id[0x74] high edge lint[0x1])
[    0.066433] ACPI: LAPIC_NMI (acpi_id[0x75] high edge lint[0x1])
[    0.066434] ACPI: LAPIC_NMI (acpi_id[0x76] high edge lint[0x1])
[    0.066434] ACPI: LAPIC_NMI (acpi_id[0x77] high edge lint[0x1])
[    0.066435] ACPI: LAPIC_NMI (acpi_id[0x78] high edge lint[0x1])
[    0.066435] ACPI: LAPIC_NMI (acpi_id[0x79] high edge lint[0x1])
[    0.066436] ACPI: LAPIC_NMI (acpi_id[0x7a] high edge lint[0x1])
[    0.066436] ACPI: LAPIC_NMI (acpi_id[0x7b] high edge lint[0x1])
[    0.066437] ACPI: LAPIC_NMI (acpi_id[0x7c] high edge lint[0x1])
[    0.066437] ACPI: LAPIC_NMI (acpi_id[0x7d] high edge lint[0x1])
[    0.066438] ACPI: LAPIC_NMI (acpi_id[0x7e] high edge lint[0x1])
[    0.066438] ACPI: LAPIC_NMI (acpi_id[0x7f] high edge lint[0x1])
[    0.066477] IOAPIC[0]: apic_id 1, version 32, address 0xfec00000, GSI 0-23
[    0.066481] ACPI: INT_SRC_OVR (bus 0 bus_irq 0 global_irq 2 high edge)
[    0.066484] ACPI: IRQ0 used by override.
[    0.066485] ACPI: IRQ9 used by override.
[    0.066488] Using ACPI (MADT) for SMP configuration information
[    0.066489] ACPI: HPET id: 0x8086af01 base: 0xfed00000
[    0.066502] smpboot: Allowing 128 CPUs, 127 hotplug CPUs
[    0.066515] PM: Registered nosave memory: [mem 0x00000000-0x00000fff]
[    0.066516] PM: Registered nosave memory: [mem 0x0009e000-0x0009efff]
[    0.066517] PM: Registered nosave memory: [mem 0x0009f000-0x0009ffff]
[    0.066517] PM: Registered nosave memory: [mem 0x000a0000-0x000dbfff]
[    0.066518] PM: Registered nosave memory: [mem 0x000dc000-0x000fffff]
[    0.066519] PM: Registered nosave memory: [mem 0x7fee0000-0x7fefefff]
[    0.066519] PM: Registered nosave memory: [mem 0x7feff000-0x7fefffff]
[    0.066521] [mem 0x80000000-0xefffffff] available for PCI devices
[    0.066522] Booting paravirtualized kernel on VMware hypervisor
[    0.066524] clocksource: refined-jiffies: mask: 0xffffffff max_cycles: 0xffffffff, max_idle_ns: 7645519600211568 ns
[    0.066535] random: get_random_bytes called from start_kernel+0x97/0x516 with crng_init=0
[    0.066540] setup_percpu: NR_CPUS:8192 nr_cpumask_bits:128 nr_cpu_ids:128 nr_node_ids:1
[    0.252994] percpu: Embedded 46 pages/cpu s151552 r8192 d28672 u262144
[    0.253008] pcpu-alloc: s151552 r8192 d28672 u262144 alloc=1*2097152
[    0.253010] pcpu-alloc: [0] 000 001 002 003 004 005 006 007 
[    0.253012] pcpu-alloc: [0] 008 009 010 011 012 013 014 015 
[    0.253015] pcpu-alloc: [0] 016 017 018 019 020 021 022 023 
[    0.253017] pcpu-alloc: [0] 024 025 026 027 028 029 030 031 
[    0.253019] pcpu-alloc: [0] 032 033 034 035 036 037 038 039 
[    0.253021] pcpu-alloc: [0] 040 041 042 043 044 045 046 047 
[    0.253023] pcpu-alloc: [0] 048 049 050 051 052 053 054 055 
[    0.253025] pcpu-alloc: [0] 056 057 058 059 060 061 062 063 
[    0.253027] pcpu-alloc: [0] 064 065 066 067 068 069 070 071 
[    0.253030] pcpu-alloc: [0] 072 073 074 075 076 077 078 079 
[    0.253032] pcpu-alloc: [0] 080 081 082 083 084 085 086 087 
[    0.253034] pcpu-alloc: [0] 088 089 090 091 092 093 094 095 
[    0.253036] pcpu-alloc: [0] 096 097 098 099 100 101 102 103 
[    0.253038] pcpu-alloc: [0] 104 105 106 107 108 109 110 111 
[    0.253040] pcpu-alloc: [0] 112 113 114 115 116 117 118 119 
[    0.253042] pcpu-alloc: [0] 120 121 122 123 124 125 126 127 
[    0.253102] Built 1 zonelists, mobility grouping on.  Total pages: 515944
[    0.253104] Policy zone: DMA32
[    0.253106] Kernel command line: BOOT_IMAGE=/boot/vmlinuz-5.0.0-23-generic root=UUID=775dadea-0a21-4717-ae36-4ebe14604a15 ro find_preseed=/preseed.cfg auto noprompt priority=critical locale=en_US quiet
[    0.253254] printk: log_buf_len individual max cpu contribution: 4096 bytes
[    0.253254] printk: log_buf_len total cpu_extra contributions: 520192 bytes
[    0.253255] printk: log_buf_len min size: 262144 bytes
[    0.259253] printk: log_buf_len: 1048576 bytes
[    0.259254] printk: early log buf free: 236636(90%)
[    0.261846] Calgary: detecting Calgary via BIOS EBDA area
[    0.261847] Calgary: Unable to locate Rio Grande table in EBDA - bailing!
[    0.267593] Memory: 1965680K/2096628K available (14339K kernel code, 2335K rwdata, 4312K rodata, 2584K init, 5196K bss, 130948K reserved, 0K cma-reserved)
[    0.269028] SLUB: HWalign=64, Order=0-3, MinObjects=0, CPUs=128, Nodes=1
[    0.269088] Kernel/User page tables isolation: enabled
[    0.269736] ftrace: allocating 41572 entries in 163 pages
[    0.292166] rcu: Hierarchical RCU implementation.
[    0.292169] rcu: 	RCU restricting CPUs from NR_CPUS=8192 to nr_cpu_ids=128.
[    0.292170] 	Tasks RCU enabled.
[    0.292170] rcu: RCU calculated value of scheduler-enlistment delay is 25 jiffies.
[    0.292171] rcu: Adjusting geometry for rcu_fanout_leaf=16, nr_cpu_ids=128
[    0.296033] NR_IRQS: 524544, nr_irqs: 1448, preallocated irqs: 16
[    0.298511] Console: colour VGA+ 80x25
[    0.298517] printk: console [tty0] enabled
[    0.298773] ACPI: Core revision 20181213
[    0.299400] clocksource: hpet: mask: 0xffffffff max_cycles: 0xffffffff, max_idle_ns: 133484882848 ns
[    0.299550] hpet clockevent registered
[    0.299563] APIC: Switch to symmetric I/O mode setup
[    0.299685] x2apic enabled
[    0.299759] Switched APIC routing to physical x2apic.
[    0.300097] ..TIMER: vector=0x30 apic1=0 pin1=2 apic2=-1 pin2=-1
[    0.300122] clocksource: tsc-early: mask: 0xffffffffffffffff max_cycles: 0x1fa376a6b7e, max_idle_ns: 440795221973 ns
[    0.300144] Calibrating delay loop (skipped) preset value.. 4389.84 BogoMIPS (lpj=8779692)
[    0.300147] pid_max: default: 131072 minimum: 1024
[    0.300277] LSM: Security Framework initializing
[    0.300345] Yama: becoming mindful.
[    0.308342] AppArmor: AppArmor initialized
[    0.321402] Dentry cache hash table entries: 262144 (order: 9, 2097152 bytes)
[    0.327710] Inode-cache hash table entries: 131072 (order: 8, 1048576 bytes)
[    0.327960] Mount-cache hash table entries: 4096 (order: 3, 32768 bytes)
[    0.328154] Mountpoint-cache hash table entries: 4096 (order: 3, 32768 bytes)
[    0.329453] Disabled fast string operations
[    0.329471] mce: CPU supports 8 MCE banks
[    0.329530] Last level iTLB entries: 4KB 64, 2MB 8, 4MB 8
[    0.329530] Last level dTLB entries: 4KB 64, 2MB 0, 4MB 0, 1GB 4
[    0.329532] Spectre V2 : Mitigation: Full generic retpoline
[    0.329533] Spectre V2 : Spectre v2 / SpectreRSB mitigation: Filling RSB on context switch
[    0.329533] Spectre V2 : Enabling Restricted Speculation for firmware calls
[    0.329543] Spectre V2 : mitigation: Enabling conditional Indirect Branch Prediction Barrier
[    0.329545] Speculative Store Bypass: Mitigation: Speculative Store Bypass disabled via prctl and seccomp
[    0.329596] MDS: Mitigation: Clear CPU buffers
[    0.366190] TSC deadline timer enabled
[    0.366272] smpboot: CPU0: Intel(R) Core(TM) i5-5200U CPU @ 2.20GHz (family: 0x6, model: 0x3d, stepping: 0x4)
[    0.367863] Performance Events: Broadwell events, core PMU driver.
[    0.367889] core: CPUID marked event: 'cpu cycles' unavailable
[    0.367889] core: CPUID marked event: 'instructions' unavailable
[    0.367890] core: CPUID marked event: 'bus cycles' unavailable
[    0.367891] core: CPUID marked event: 'cache references' unavailable
[    0.367891] core: CPUID marked event: 'cache misses' unavailable
[    0.367892] core: CPUID marked event: 'branch instructions' unavailable
[    0.367892] core: CPUID marked event: 'branch misses' unavailable
[    0.367897] ... version:                1
[    0.367898] ... bit width:              48
[    0.367899] ... generic registers:      4
[    0.367900] ... value mask:             0000ffffffffffff
[    0.367901] ... max period:             000000007fffffff
[    0.367901] ... fixed-purpose events:   0
[    0.367902] ... event mask:             000000000000000f
[    0.368124] rcu: Hierarchical SRCU implementation.
[    0.368124] random: crng done (trusting CPU's manufacturer)
[    0.368474] NMI watchdog: Perf NMI watchdog permanently disabled
[    0.396124] smp: Bringing up secondary CPUs ...
[    0.396124] smp: Brought up 1 node, 1 CPU
[    0.396124] smpboot: Max logical packages: 128
[    0.396124] smpboot: Total of 1 processors activated (4389.84 BogoMIPS)
[    0.397782] devtmpfs: initialized
[    0.397880] x86/mm: Memory block size: 128MB
[    0.399015] PM: Registering ACPI NVS region [mem 0x7feff000-0x7fefffff] (4096 bytes)
[    0.399322] clocksource: jiffies: mask: 0xffffffff max_cycles: 0xffffffff, max_idle_ns: 7645041785100000 ns
[    0.399435] futex hash table entries: 32768 (order: 9, 2097152 bytes)
[    0.411281] pinctrl core: initialized pinctrl subsystem
[    0.411544] RTC time: 13:13:07, date: 2020-01-20
[    0.412510] NET: Registered protocol family 16
[    0.412725] audit: initializing netlink subsys (disabled)
[    0.413249] EISA bus registered
[    0.413250] cpuidle: using governor ladder
[    0.413251] cpuidle: using governor menu
[    0.413288] Simple Boot Flag at 0x36 set to 0x80
[    0.413314] ACPI: bus type PCI registered
[    0.413316] acpiphp: ACPI Hot Plug PCI Controller Driver version: 0.5
[    0.414041] PCI: MMCONFIG for domain 0000 [bus 00-7f] at [mem 0xf0000000-0xf7ffffff] (base 0xf0000000)
[    0.414044] PCI: MMCONFIG at [mem 0xf0000000-0xf7ffffff] reserved in E820
[    0.414079] PCI: Using configuration type 1 for base access
[    0.416202] audit: type=2000 audit(1579525987.112:1): state=initialized audit_enabled=0 res=1
[    0.416679] HugeTLB registered 1.00 GiB page size, pre-allocated 0 pages
[    0.416680] HugeTLB registered 2.00 MiB page size, pre-allocated 0 pages
[    0.419204] ACPI: Added _OSI(Module Device)
[    0.419204] ACPI: Added _OSI(Processor Device)
[    0.419205] ACPI: Added _OSI(3.0 _SCP Extensions)
[    0.419205] ACPI: Added _OSI(Processor Aggregator Device)
[    0.419206] ACPI: Added _OSI(Linux-Dell-Video)
[    0.419207] ACPI: Added _OSI(Linux-Lenovo-NV-HDMI-Audio)
[    0.419237] ACPI: Added _OSI(Linux-HPI-Hybrid-Graphics)
[    0.435622] ACPI: 1 ACPI AML tables successfully acquired and loaded
[    0.437534] ACPI: [Firmware Bug]: BIOS _OSI(Linux) query ignored
[    0.460124] ACPI: Interpreter enabled
[    0.460124] ACPI: (supports S0 S1 S4 S5)
[    0.460124] ACPI: Using IOAPIC for interrupt routing
[    0.460124] PCI: Using host bridge windows from ACPI; if necessary, use "pci=nocrs" and report a bug
[    0.460872] ACPI: Enabled 4 GPEs in block 00 to 0F
[    0.548231] ACPI: PCI Root Bridge [PCI0] (domain 0000 [bus 00-7f])
[    0.548238] acpi PNP0A03:00: _OSC: OS supports [ExtendedConfig ASPM ClockPM Segments MSI]
[    0.548489] acpi PNP0A03:00: _OSC: platform does not support [AER LTR]
[    0.548748] acpi PNP0A03:00: _OSC: OS now controls [PCIeHotplug SHPCHotplug PME PCIeCapability]
[    0.551315] PCI host bridge to bus 0000:00
[    0.551317] pci_bus 0000:00: root bus resource [mem 0x000a0000-0x000bffff window]
[    0.551318] pci_bus 0000:00: root bus resource [mem 0x000d0000-0x000d3fff window]
[    0.551319] pci_bus 0000:00: root bus resource [mem 0x000d4000-0x000d7fff window]
[    0.551320] pci_bus 0000:00: root bus resource [mem 0x000d8000-0x000dbfff window]
[    0.551320] pci_bus 0000:00: root bus resource [mem 0xc0000000-0xfebfffff window]
[    0.551321] pci_bus 0000:00: root bus resource [io  0x0000-0x0cf7 window]
[    0.551322] pci_bus 0000:00: root bus resource [io  0x0d00-0xfeff window]
[    0.551323] pci_bus 0000:00: root bus resource [bus 00-7f]
[    0.551385] pci 0000:00:00.0: [8086:7190] type 00 class 0x060000
[    0.552171] pci 0000:00:01.0: [8086:7191] type 01 class 0x060400
[    0.553624] pci 0000:00:07.0: [8086:7110] type 00 class 0x060100
[    0.554871] pci 0000:00:07.1: [8086:7111] type 00 class 0x01018a
[    0.555899] pci 0000:00:07.1: reg 0x20: [io  0x1060-0x106f]
[    0.556288] pci 0000:00:07.1: legacy IDE quirk: reg 0x10: [io  0x01f0-0x01f7]
[    0.556288] pci 0000:00:07.1: legacy IDE quirk: reg 0x14: [io  0x03f6]
[    0.556289] pci 0000:00:07.1: legacy IDE quirk: reg 0x18: [io  0x0170-0x0177]
[    0.556290] pci 0000:00:07.1: legacy IDE quirk: reg 0x1c: [io  0x0376]
[    0.556579] pci 0000:00:07.3: [8086:7113] type 00 class 0x068000
[    0.557892] pci 0000:00:07.3: quirk: [io  0x1000-0x103f] claimed by PIIX4 ACPI
[    0.557906] pci 0000:00:07.3: quirk: [io  0x1040-0x104f] claimed by PIIX4 SMB
[    0.558459] pci 0000:00:07.7: [15ad:0740] type 00 class 0x088000
[    0.558911] pci 0000:00:07.7: reg 0x10: [io  0x1080-0x10bf]
[    0.559290] pci 0000:00:07.7: reg 0x14: [mem 0xfebfe000-0xfebfffff 64bit]
[    0.562192] pci 0000:00:0f.0: [15ad:0405] type 00 class 0x030000
[    0.563225] pci 0000:00:0f.0: reg 0x10: [io  0x1070-0x107f]
[    0.564086] pci 0000:00:0f.0: reg 0x14: [mem 0xe8000000-0xefffffff pref]
[    0.564592] pci 0000:00:0f.0: reg 0x18: [mem 0xfe000000-0xfe7fffff]
[    0.568131] pci 0000:00:0f.0: reg 0x30: [mem 0x00000000-0x00007fff pref]
[    0.569023] pci 0000:00:10.0: [1000:0030] type 00 class 0x010000
[    0.569580] pci 0000:00:10.0: reg 0x10: [io  0x1400-0x14ff]
[    0.570062] pci 0000:00:10.0: reg 0x14: [mem 0xfeba0000-0xfebbffff 64bit]
[    0.570541] pci 0000:00:10.0: reg 0x1c: [mem 0xfebc0000-0xfebdffff 64bit]
[    0.571398] pci 0000:00:10.0: reg 0x30: [mem 0x00000000-0x00003fff pref]
[    0.572094] pci 0000:00:11.0: [15ad:0790] type 01 class 0x060401
[    0.573664] pci 0000:00:15.0: [15ad:07a0] type 01 class 0x060400
[    0.574739] pci 0000:00:15.0: PME# supported from D0 D3hot D3cold
[    0.575275] pci 0000:00:15.1: [15ad:07a0] type 01 class 0x060400
[    0.576367] pci 0000:00:15.1: PME# supported from D0 D3hot D3cold
[    0.577260] pci 0000:00:15.2: [15ad:07a0] type 01 class 0x060400
[    0.578952] pci 0000:00:15.2: PME# supported from D0 D3hot D3cold
[    0.579957] pci 0000:00:15.3: [15ad:07a0] type 01 class 0x060400
[    0.581299] pci 0000:00:15.3: PME# supported from D0 D3hot D3cold
[    0.582154] pci 0000:00:15.4: [15ad:07a0] type 01 class 0x060400
[    0.583287] pci 0000:00:15.4: PME# supported from D0 D3hot D3cold
[    0.583881] pci 0000:00:15.5: [15ad:07a0] type 01 class 0x060400
[    0.584996] pci 0000:00:15.5: PME# supported from D0 D3hot D3cold
[    0.585622] pci 0000:00:15.6: [15ad:07a0] type 01 class 0x060400
[    0.586763] pci 0000:00:15.6: PME# supported from D0 D3hot D3cold
[    0.587358] pci 0000:00:15.7: [15ad:07a0] type 01 class 0x060400
[    0.588432] pci 0000:00:15.7: PME# supported from D0 D3hot D3cold
[    0.589140] pci 0000:00:16.0: [15ad:07a0] type 01 class 0x060400
[    0.590210] pci 0000:00:16.0: PME# supported from D0 D3hot D3cold
[    0.590706] pci 0000:00:16.1: [15ad:07a0] type 01 class 0x060400
[    0.591773] pci 0000:00:16.1: PME# supported from D0 D3hot D3cold
[    0.592525] pci 0000:00:16.2: [15ad:07a0] type 01 class 0x060400
[    0.593609] pci 0000:00:16.2: PME# supported from D0 D3hot D3cold
[    0.594157] pci 0000:00:16.3: [15ad:07a0] type 01 class 0x060400
[    0.595228] pci 0000:00:16.3: PME# supported from D0 D3hot D3cold
[    0.595789] pci 0000:00:16.4: [15ad:07a0] type 01 class 0x060400
[    0.596902] pci 0000:00:16.4: PME# supported from D0 D3hot D3cold
[    0.597452] pci 0000:00:16.5: [15ad:07a0] type 01 class 0x060400
[    0.598520] pci 0000:00:16.5: PME# supported from D0 D3hot D3cold
[    0.599083] pci 0000:00:16.6: [15ad:07a0] type 01 class 0x060400
[    0.600124] pci 0000:00:16.6: PME# supported from D0 D3hot D3cold
[    0.600691] pci 0000:00:16.7: [15ad:07a0] type 01 class 0x060400
[    0.601759] pci 0000:00:16.7: PME# supported from D0 D3hot D3cold
[    0.602425] pci 0000:00:17.0: [15ad:07a0] type 01 class 0x060400
[    0.603493] pci 0000:00:17.0: PME# supported from D0 D3hot D3cold
[    0.604038] pci 0000:00:17.1: [15ad:07a0] type 01 class 0x060400
[    0.605116] pci 0000:00:17.1: PME# supported from D0 D3hot D3cold
[    0.605807] pci 0000:00:17.2: [15ad:07a0] type 01 class 0x060400
[    0.606879] pci 0000:00:17.2: PME# supported from D0 D3hot D3cold
[    0.607450] pci 0000:00:17.3: [15ad:07a0] type 01 class 0x060400
[    0.608610] pci 0000:00:17.3: PME# supported from D0 D3hot D3cold
[    0.609211] pci 0000:00:17.4: [15ad:07a0] type 01 class 0x060400
[    0.610283] pci 0000:00:17.4: PME# supported from D0 D3hot D3cold
[    0.610829] pci 0000:00:17.5: [15ad:07a0] type 01 class 0x060400
[    0.611942] pci 0000:00:17.5: PME# supported from D0 D3hot D3cold
[    0.612517] pci 0000:00:17.6: [15ad:07a0] type 01 class 0x060400
[    0.613588] pci 0000:00:17.6: PME# supported from D0 D3hot D3cold
[    0.614135] pci 0000:00:17.7: [15ad:07a0] type 01 class 0x060400
[    0.615201] pci 0000:00:17.7: PME# supported from D0 D3hot D3cold
[    0.615877] pci 0000:00:18.0: [15ad:07a0] type 01 class 0x060400
[    0.616944] pci 0000:00:18.0: PME# supported from D0 D3hot D3cold
[    0.617490] pci 0000:00:18.1: [15ad:07a0] type 01 class 0x060400
[    0.618559] pci 0000:00:18.1: PME# supported from D0 D3hot D3cold
[    0.619259] pci 0000:00:18.2: [15ad:07a0] type 01 class 0x060400
[    0.620379] pci 0000:00:18.2: PME# supported from D0 D3hot D3cold
[    0.620930] pci 0000:00:18.3: [15ad:07a0] type 01 class 0x060400
[    0.621997] pci 0000:00:18.3: PME# supported from D0 D3hot D3cold
[    0.622568] pci 0000:00:18.4: [15ad:07a0] type 01 class 0x060400
[    0.623650] pci 0000:00:18.4: PME# supported from D0 D3hot D3cold
[    0.624191] pci 0000:00:18.5: [15ad:07a0] type 01 class 0x060400
[    0.625259] pci 0000:00:18.5: PME# supported from D0 D3hot D3cold
[    0.625806] pci 0000:00:18.6: [15ad:07a0] type 01 class 0x060400
[    0.626874] pci 0000:00:18.6: PME# supported from D0 D3hot D3cold
[    0.627419] pci 0000:00:18.7: [15ad:07a0] type 01 class 0x060400
[    0.628520] pci 0000:00:18.7: PME# supported from D0 D3hot D3cold
[    0.630101] pci_bus 0000:01: extended config space not accessible
[    0.632124] pci 0000:00:01.0: PCI bridge to [bus 01]
[    0.632389] pci_bus 0000:02: extended config space not accessible
[    0.632780] acpiphp: Slot [32] registered
[    0.632835] acpiphp: Slot [33] registered
[    0.632863] acpiphp: Slot [34] registered
[    0.632888] acpiphp: Slot [35] registered
[    0.632913] acpiphp: Slot [36] registered
[    0.632938] acpiphp: Slot [37] registered
[    0.632964] acpiphp: Slot [38] registered
[    0.632989] acpiphp: Slot [39] registered
[    0.633013] acpiphp: Slot [40] registered
[    0.633038] acpiphp: Slot [41] registered
[    0.633062] acpiphp: Slot [42] registered
[    0.633163] acpiphp: Slot [43] registered
[    0.633190] acpiphp: Slot [44] registered
[    0.633215] acpiphp: Slot [45] registered
[    0.633240] acpiphp: Slot [46] registered
[    0.633264] acpiphp: Slot [47] registered
[    0.633328] acpiphp: Slot [48] registered
[    0.633381] acpiphp: Slot [49] registered
[    0.633436] acpiphp: Slot [50] registered
[    0.633469] acpiphp: Slot [51] registered
[    0.633496] acpiphp: Slot [52] registered
[    0.633522] acpiphp: Slot [53] registered
[    0.633557] acpiphp: Slot [54] registered
[    0.633663] acpiphp: Slot [55] registered
[    0.633691] acpiphp: Slot [56] registered
[    0.633716] acpiphp: Slot [57] registered
[    0.633740] acpiphp: Slot [58] registered
[    0.633764] acpiphp: Slot [59] registered
[    0.633788] acpiphp: Slot [60] registered
[    0.633812] acpiphp: Slot [61] registered
[    0.633836] acpiphp: Slot [62] registered
[    0.633861] acpiphp: Slot [63] registered
[    0.633956] pci 0000:02:00.0: [15ad:0774] type 00 class 0x0c0300
[    0.634958] pci 0000:02:00.0: reg 0x20: [io  0x2080-0x209f]
[    0.636108] pci 0000:02:01.0: [8086:100f] type 00 class 0x020000
[    0.636677] pci 0000:02:01.0: reg 0x10: [mem 0xfd5c0000-0xfd5dffff 64bit]
[    0.637154] pci 0000:02:01.0: reg 0x18: [mem 0xfdff0000-0xfdffffff 64bit]
[    0.637601] pci 0000:02:01.0: reg 0x20: [io  0x2000-0x203f]
[    0.638445] pci 0000:02:01.0: reg 0x30: [mem 0x00000000-0x0000ffff pref]
[    0.638818] pci 0000:02:01.0: PME# supported from D0 D3hot D3cold
[    0.639785] pci 0000:02:02.0: [1274:1371] type 00 class 0x040100
[    0.640072] pci 0000:02:02.0: reg 0x10: [io  0x2040-0x207f]
[    0.642136] pci 0000:02:03.0: [15ad:0770] type 00 class 0x0c0320
[    0.642440] pci 0000:02:03.0: reg 0x10: [mem 0xfd5ef000-0xfd5effff]
[    0.644364] pci 0000:02:05.0: [15ad:07e0] type 00 class 0x010601
[    0.645751] pci 0000:02:05.0: reg 0x24: [mem 0xfd5ee000-0xfd5eefff]
[    0.645967] pci 0000:02:05.0: reg 0x30: [mem 0x00000000-0x0000ffff pref]
[    0.646460] pci 0000:02:05.0: PME# supported from D3hot
[    0.650396] pci 0000:00:11.0: PCI bridge to [bus 02] (subtractive decode)
[    0.650422] pci 0000:00:11.0:   bridge window [io  0x2000-0x3fff]
[    0.650448] pci 0000:00:11.0:   bridge window [mem 0xfd500000-0xfdffffff]
[    0.650497] pci 0000:00:11.0:   bridge window [mem 0xe7b00000-0xe7ffffff 64bit pref]
[    0.650499] pci 0000:00:11.0:   bridge window [mem 0x000a0000-0x000bffff window] (subtractive decode)
[    0.650500] pci 0000:00:11.0:   bridge window [mem 0x000d0000-0x000d3fff window] (subtractive decode)
[    0.650500] pci 0000:00:11.0:   bridge window [mem 0x000d4000-0x000d7fff window] (subtractive decode)
[    0.650501] pci 0000:00:11.0:   bridge window [mem 0x000d8000-0x000dbfff window] (subtractive decode)
[    0.650502] pci 0000:00:11.0:   bridge window [mem 0xc0000000-0xfebfffff window] (subtractive decode)
[    0.650503] pci 0000:00:11.0:   bridge window [io  0x0000-0x0cf7 window] (subtractive decode)
[    0.650504] pci 0000:00:11.0:   bridge window [io  0x0d00-0xfeff window] (subtractive decode)
[    0.654445] pci 0000:00:15.0: PCI bridge to [bus 03]
[    0.654476] pci 0000:00:15.0:   bridge window [io  0x4000-0x4fff]
[    0.654503] pci 0000:00:15.0:   bridge window [mem 0xfd400000-0xfd4fffff]
[    0.654552] pci 0000:00:15.0:   bridge window [mem 0xe7a00000-0xe7afffff 64bit pref]
[    0.656124] pci 0000:00:15.1: PCI bridge to [bus 04]
[    0.656143] pci 0000:00:15.1:   bridge window [io  0x8000-0x8fff]
[    0.656169] pci 0000:00:15.1:   bridge window [mem 0xfd000000-0xfd0fffff]
[    0.656219] pci 0000:00:15.1:   bridge window [mem 0xe7600000-0xe76fffff 64bit pref]
[    0.660124] pci 0000:00:15.2: PCI bridge to [bus 05]
[    0.660141] pci 0000:00:15.2:   bridge window [io  0xc000-0xcfff]
[    0.660167] pci 0000:00:15.2:   bridge window [mem 0xfcc00000-0xfccfffff]
[    0.660216] pci 0000:00:15.2:   bridge window [mem 0xe7200000-0xe72fffff 64bit pref]
[    0.664124] pci 0000:00:15.3: PCI bridge to [bus 06]
[    0.664193] pci 0000:00:15.3:   bridge window [mem 0xfc800000-0xfc8fffff]
[    0.664243] pci 0000:00:15.3:   bridge window [mem 0xe6e00000-0xe6efffff 64bit pref]
[    0.668124] pci 0000:00:15.4: PCI bridge to [bus 07]
[    0.668167] pci 0000:00:15.4:   bridge window [mem 0xfc400000-0xfc4fffff]
[    0.668216] pci 0000:00:15.4:   bridge window [mem 0xe6a00000-0xe6afffff 64bit pref]
[    0.672124] pci 0000:00:15.5: PCI bridge to [bus 08]
[    0.672165] pci 0000:00:15.5:   bridge window [mem 0xfc000000-0xfc0fffff]
[    0.672214] pci 0000:00:15.5:   bridge window [mem 0xe6600000-0xe66fffff 64bit pref]
[    0.676124] pci 0000:00:15.6: PCI bridge to [bus 09]
[    0.676165] pci 0000:00:15.6:   bridge window [mem 0xfbc00000-0xfbcfffff]
[    0.676215] pci 0000:00:15.6:   bridge window [mem 0xe6200000-0xe62fffff 64bit pref]
[    0.680124] pci 0000:00:15.7: PCI bridge to [bus 0a]
[    0.680165] pci 0000:00:15.7:   bridge window [mem 0xfb800000-0xfb8fffff]
[    0.680214] pci 0000:00:15.7:   bridge window [mem 0xe5e00000-0xe5efffff 64bit pref]
[    0.684124] pci 0000:00:16.0: PCI bridge to [bus 0b]
[    0.684143] pci 0000:00:16.0:   bridge window [io  0x5000-0x5fff]
[    0.684169] pci 0000:00:16.0:   bridge window [mem 0xfd300000-0xfd3fffff]
[    0.684218] pci 0000:00:16.0:   bridge window [mem 0xe7900000-0xe79fffff 64bit pref]
[    0.688124] pci 0000:00:16.1: PCI bridge to [bus 0c]
[    0.688141] pci 0000:00:16.1:   bridge window [io  0x9000-0x9fff]
[    0.688167] pci 0000:00:16.1:   bridge window [mem 0xfcf00000-0xfcffffff]
[    0.688216] pci 0000:00:16.1:   bridge window [mem 0xe7500000-0xe75fffff 64bit pref]
[    0.692124] pci 0000:00:16.2: PCI bridge to [bus 0d]
[    0.692141] pci 0000:00:16.2:   bridge window [io  0xd000-0xdfff]
[    0.692167] pci 0000:00:16.2:   bridge window [mem 0xfcb00000-0xfcbfffff]
[    0.692216] pci 0000:00:16.2:   bridge window [mem 0xe7100000-0xe71fffff 64bit pref]
[    0.696124] pci 0000:00:16.3: PCI bridge to [bus 0e]
[    0.696166] pci 0000:00:16.3:   bridge window [mem 0xfc700000-0xfc7fffff]
[    0.696216] pci 0000:00:16.3:   bridge window [mem 0xe6d00000-0xe6dfffff 64bit pref]
[    0.700687] pci 0000:00:16.4: PCI bridge to [bus 0f]
[    0.700742] pci 0000:00:16.4:   bridge window [mem 0xfc300000-0xfc3fffff]
[    0.700791] pci 0000:00:16.4:   bridge window [mem 0xe6900000-0xe69fffff 64bit pref]
[    0.704124] pci 0000:00:16.5: PCI bridge to [bus 10]
[    0.704166] pci 0000:00:16.5:   bridge window [mem 0xfbf00000-0xfbffffff]
[    0.704216] pci 0000:00:16.5:   bridge window [mem 0xe6500000-0xe65fffff 64bit pref]
[    0.708124] pci 0000:00:16.6: PCI bridge to [bus 11]
[    0.708166] pci 0000:00:16.6:   bridge window [mem 0xfbb00000-0xfbbfffff]
[    0.708215] pci 0000:00:16.6:   bridge window [mem 0xe6100000-0xe61fffff 64bit pref]
[    0.712124] pci 0000:00:16.7: PCI bridge to [bus 12]
[    0.712166] pci 0000:00:16.7:   bridge window [mem 0xfb700000-0xfb7fffff]
[    0.712215] pci 0000:00:16.7:   bridge window [mem 0xe5d00000-0xe5dfffff 64bit pref]
[    0.716124] pci 0000:00:17.0: PCI bridge to [bus 13]
[    0.716142] pci 0000:00:17.0:   bridge window [io  0x6000-0x6fff]
[    0.716167] pci 0000:00:17.0:   bridge window [mem 0xfd200000-0xfd2fffff]
[    0.716217] pci 0000:00:17.0:   bridge window [mem 0xe7800000-0xe78fffff 64bit pref]
[    0.720124] pci 0000:00:17.1: PCI bridge to [bus 14]
[    0.720142] pci 0000:00:17.1:   bridge window [io  0xa000-0xafff]
[    0.720167] pci 0000:00:17.1:   bridge window [mem 0xfce00000-0xfcefffff]
[    0.720216] pci 0000:00:17.1:   bridge window [mem 0xe7400000-0xe74fffff 64bit pref]
[    0.724124] pci 0000:00:17.2: PCI bridge to [bus 15]
[    0.724149] pci 0000:00:17.2:   bridge window [io  0xe000-0xefff]
[    0.724178] pci 0000:00:17.2:   bridge window [mem 0xfca00000-0xfcafffff]
[    0.724231] pci 0000:00:17.2:   bridge window [mem 0xe7000000-0xe70fffff 64bit pref]
[    0.728894] pci 0000:00:17.3: PCI bridge to [bus 16]
[    0.728950] pci 0000:00:17.3:   bridge window [mem 0xfc600000-0xfc6fffff]
[    0.729003] pci 0000:00:17.3:   bridge window [mem 0xe6c00000-0xe6cfffff 64bit pref]
[    0.732124] pci 0000:00:17.4: PCI bridge to [bus 17]
[    0.732170] pci 0000:00:17.4:   bridge window [mem 0xfc200000-0xfc2fffff]
[    0.732224] pci 0000:00:17.4:   bridge window [mem 0xe6800000-0xe68fffff 64bit pref]
[    0.736124] pci 0000:00:17.5: PCI bridge to [bus 18]
[    0.736169] pci 0000:00:17.5:   bridge window [mem 0xfbe00000-0xfbefffff]
[    0.736222] pci 0000:00:17.5:   bridge window [mem 0xe6400000-0xe64fffff 64bit pref]
[    0.740124] pci 0000:00:17.6: PCI bridge to [bus 19]
[    0.740170] pci 0000:00:17.6:   bridge window [mem 0xfba00000-0xfbafffff]
[    0.740223] pci 0000:00:17.6:   bridge window [mem 0xe6000000-0xe60fffff 64bit pref]
[    0.744226] pci 0000:00:17.7: PCI bridge to [bus 1a]
[    0.744339] pci 0000:00:17.7:   bridge window [mem 0xfb600000-0xfb6fffff]
[    0.744551] pci 0000:00:17.7:   bridge window [mem 0xe5c00000-0xe5cfffff 64bit pref]
[    0.750845] pci 0000:00:18.0: PCI bridge to [bus 1b]
[    0.750926] pci 0000:00:18.0:   bridge window [io  0x7000-0x7fff]
[    0.750985] pci 0000:00:18.0:   bridge window [mem 0xfd100000-0xfd1fffff]
[    0.751096] pci 0000:00:18.0:   bridge window [mem 0xe7700000-0xe77fffff 64bit pref]
[    0.756124] pci 0000:00:18.1: PCI bridge to [bus 1c]
[    0.756161] pci 0000:00:18.1:   bridge window [io  0xb000-0xbfff]
[    0.756219] pci 0000:00:18.1:   bridge window [mem 0xfcd00000-0xfcdfffff]
[    0.756329] pci 0000:00:18.1:   bridge window [mem 0xe7300000-0xe73fffff 64bit pref]
[    0.763185] pci 0000:00:18.2: PCI bridge to [bus 1d]
[    0.763319] pci 0000:00:18.2:   bridge window [mem 0xfc900000-0xfc9fffff]
[    0.763486] pci 0000:00:18.2:   bridge window [mem 0xe6f00000-0xe6ffffff 64bit pref]
[    0.768124] pci 0000:00:18.3: PCI bridge to [bus 1e]
[    0.768187] pci 0000:00:18.3:   bridge window [mem 0xfc500000-0xfc5fffff]
[    0.768253] pci 0000:00:18.3:   bridge window [mem 0xe6b00000-0xe6bfffff 64bit pref]
[    0.772637] pci 0000:00:18.4: PCI bridge to [bus 1f]
[    0.772707] pci 0000:00:18.4:   bridge window [mem 0xfc100000-0xfc1fffff]
[    0.772773] pci 0000:00:18.4:   bridge window [mem 0xe6700000-0xe67fffff 64bit pref]
[    0.776124] pci 0000:00:18.5: PCI bridge to [bus 20]
[    0.776182] pci 0000:00:18.5:   bridge window [mem 0xfbd00000-0xfbdfffff]
[    0.776248] pci 0000:00:18.5:   bridge window [mem 0xe6300000-0xe63fffff 64bit pref]
[    0.780734] pci 0000:00:18.6: PCI bridge to [bus 21]
[    0.780808] pci 0000:00:18.6:   bridge window [mem 0xfb900000-0xfb9fffff]
[    0.780875] pci 0000:00:18.6:   bridge window [mem 0xe5f00000-0xe5ffffff 64bit pref]
[    0.786069] pci 0000:00:18.7: PCI bridge to [bus 22]
[    0.786127] pci 0000:00:18.7:   bridge window [mem 0xfb500000-0xfb5fffff]
[    0.786176] pci 0000:00:18.7:   bridge window [mem 0xe5b00000-0xe5bfffff 64bit pref]
[    0.789632] ACPI: PCI Interrupt Link [LNKA] (IRQs 3 4 5 6 7 *9 10 11 14 15)
[    0.789747] ACPI: PCI Interrupt Link [LNKB] (IRQs 3 4 5 6 7 9 10 *11 14 15)
[    0.789857] ACPI: PCI Interrupt Link [LNKC] (IRQs 3 4 5 6 7 9 *10 11 14 15)
[    0.789965] ACPI: PCI Interrupt Link [LNKD] (IRQs 3 4 5 6 *7 9 10 11 14 15)
[    0.808795] SCSI subsystem initialized
[    0.809170] libata version 3.00 loaded.
[    0.809274] pci 0000:00:0f.0: vgaarb: setting as boot VGA device
[    0.809276] pci 0000:00:0f.0: vgaarb: VGA device added: decodes=io+mem,owns=io+mem,locks=none
[    0.809286] pci 0000:00:0f.0: vgaarb: bridge control possible
[    0.809286] vgaarb: loaded
[    0.809331] ACPI: bus type USB registered
[    0.809342] usbcore: registered new interface driver usbfs
[    0.809347] usbcore: registered new interface driver hub
[    0.809401] usbcore: registered new device driver usb
[    0.809474] pps_core: LinuxPPS API ver. 1 registered
[    0.809474] pps_core: Software ver. 5.3.6 - Copyright 2005-2007 Rodolfo Giometti <giometti@linux.it>
[    0.809476] PTP clock support registered
[    0.809703] EDAC MC: Ver: 3.0.0
[    0.811657] PCI: Using ACPI for IRQ routing
[    0.823310] PCI: pci_cache_line_size set to 64 bytes
[    0.824523] e820: reserve RAM buffer [mem 0x0009e800-0x0009ffff]
[    0.824525] e820: reserve RAM buffer [mem 0x7fee0000-0x7fffffff]
[    0.824866] NetLabel: Initializing
[    0.824867] NetLabel:  domain hash size = 128
[    0.824867] NetLabel:  protocols = UNLABELED CIPSOv4 CALIPSO
[    0.824877] NetLabel:  unlabeled traffic allowed by default
[    0.825861] hpet0: at MMIO 0xfed00000, IRQs 2, 8, 0, 0, 0, 0, 0, 0, 0, 0, 0, 0, 0, 0, 0, 0
[    0.825865] hpet0: 16 comparators, 64-bit 14.318180 MHz counter
[    0.827915] clocksource: Switched to clocksource tsc-early
[    0.888555] VFS: Disk quotas dquot_6.6.0
[    0.888626] VFS: Dquot-cache hash table entries: 512 (order 0, 4096 bytes)
[    0.889480] AppArmor: AppArmor Filesystem Enabled
[    0.889507] pnp: PnP ACPI init
[    0.889730] system 00:00: [io  0x1000-0x103f] has been reserved
[    0.889731] system 00:00: [io  0x1040-0x104f] has been reserved
[    0.889733] system 00:00: [io  0x0cf0-0x0cf1] has been reserved
[    0.889738] system 00:00: Plug and Play ACPI device, IDs PNP0c02 (active)
[    0.889837] pnp 00:01: Plug and Play ACPI device, IDs PNP0b00 (active)
[    0.889858] pnp 00:02: Plug and Play ACPI device, IDs PNP0303 (active)
[    0.889874] pnp 00:03: Plug and Play ACPI device, IDs VMW0003 PNP0f13 (active)
[    0.890207] system 00:04: [mem 0xfed00000-0xfed003ff] has been reserved
[    0.890211] system 00:04: Plug and Play ACPI device, IDs PNP0103 PNP0c01 (active)
[    0.892494] pnp 00:05: Plug and Play ACPI device, IDs PNP0501 (active)
[    0.893019] system 00:06: [io  0xfce0-0xfcff] has been reserved
[    0.893021] system 00:06: [mem 0xf0000000-0xf7ffffff] has been reserved
[    0.893023] system 00:06: [mem 0xfe800000-0xfe9fffff] has been reserved
[    0.893026] system 00:06: Plug and Play ACPI device, IDs PNP0c02 (active)
[    0.899947] pnp: PnP ACPI: found 7 devices
[    0.907818] clocksource: acpi_pm: mask: 0xffffff max_cycles: 0xffffff, max_idle_ns: 2085701024 ns
[    0.908233] pci 0000:00:15.3: bridge window [io  0x1000-0x0fff] to [bus 06] add_size 1000
[    0.908307] pci 0000:00:15.4: bridge window [io  0x1000-0x0fff] to [bus 07] add_size 1000
[    0.908381] pci 0000:00:15.5: bridge window [io  0x1000-0x0fff] to [bus 08] add_size 1000
[    0.908456] pci 0000:00:15.6: bridge window [io  0x1000-0x0fff] to [bus 09] add_size 1000
[    0.908529] pci 0000:00:15.7: bridge window [io  0x1000-0x0fff] to [bus 0a] add_size 1000
[    0.908819] pci 0000:00:16.3: bridge window [io  0x1000-0x0fff] to [bus 0e] add_size 1000
[    0.908893] pci 0000:00:16.4: bridge window [io  0x1000-0x0fff] to [bus 0f] add_size 1000
[    0.908967] pci 0000:00:16.5: bridge window [io  0x1000-0x0fff] to [bus 10] add_size 1000
[    0.909041] pci 0000:00:16.6: bridge window [io  0x1000-0x0fff] to [bus 11] add_size 1000
[    0.909114] pci 0000:00:16.7: bridge window [io  0x1000-0x0fff] to [bus 12] add_size 1000
[    0.909404] pci 0000:00:17.3: bridge window [io  0x1000-0x0fff] to [bus 16] add_size 1000
[    0.909478] pci 0000:00:17.4: bridge window [io  0x1000-0x0fff] to [bus 17] add_size 1000
[    0.909599] pci 0000:00:17.5: bridge window [io  0x1000-0x0fff] to [bus 18] add_size 1000
[    0.909676] pci 0000:00:17.6: bridge window [io  0x1000-0x0fff] to [bus 19] add_size 1000
[    0.909784] pci 0000:00:17.7: bridge window [io  0x1000-0x0fff] to [bus 1a] add_size 1000
[    0.910023] pci 0000:00:18.2: bridge window [io  0x1000-0x0fff] to [bus 1d] add_size 1000
[    0.910097] pci 0000:00:18.3: bridge window [io  0x1000-0x0fff] to [bus 1e] add_size 1000
[    0.910171] pci 0000:00:18.4: bridge window [io  0x1000-0x0fff] to [bus 1f] add_size 1000
[    0.910244] pci 0000:00:18.5: bridge window [io  0x1000-0x0fff] to [bus 20] add_size 1000
[    0.910318] pci 0000:00:18.6: bridge window [io  0x1000-0x0fff] to [bus 21] add_size 1000
[    0.910392] pci 0000:00:18.7: bridge window [io  0x1000-0x0fff] to [bus 22] add_size 1000
[    0.910437] pci 0000:00:0f.0: BAR 6: assigned [mem 0xc0000000-0xc0007fff pref]
[    0.910439] pci 0000:00:10.0: BAR 6: assigned [mem 0xc0008000-0xc000bfff pref]
[    0.910442] pci 0000:00:15.3: BAR 13: no space for [io  size 0x1000]
[    0.910443] pci 0000:00:15.3: BAR 13: failed to assign [io  size 0x1000]
[    0.910445] pci 0000:00:15.4: BAR 13: no space for [io  size 0x1000]
[    0.910446] pci 0000:00:15.4: BAR 13: failed to assign [io  size 0x1000]
[    0.910447] pci 0000:00:15.5: BAR 13: no space for [io  size 0x1000]
[    0.910448] pci 0000:00:15.5: BAR 13: failed to assign [io  size 0x1000]
[    0.910450] pci 0000:00:15.6: BAR 13: no space for [io  size 0x1000]
[    0.910450] pci 0000:00:15.6: BAR 13: failed to assign [io  size 0x1000]
[    0.910452] pci 0000:00:15.7: BAR 13: no space for [io  size 0x1000]
[    0.910452] pci 0000:00:15.7: BAR 13: failed to assign [io  size 0x1000]
[    0.910454] pci 0000:00:16.3: BAR 13: no space for [io  size 0x1000]
[    0.910455] pci 0000:00:16.3: BAR 13: failed to assign [io  size 0x1000]
[    0.910456] pci 0000:00:16.4: BAR 13: no space for [io  size 0x1000]
[    0.910457] pci 0000:00:16.4: BAR 13: failed to assign [io  size 0x1000]
[    0.910458] pci 0000:00:16.5: BAR 13: no space for [io  size 0x1000]
[    0.910459] pci 0000:00:16.5: BAR 13: failed to assign [io  size 0x1000]
[    0.910460] pci 0000:00:16.6: BAR 13: no space for [io  size 0x1000]
[    0.910461] pci 0000:00:16.6: BAR 13: failed to assign [io  size 0x1000]
[    0.910463] pci 0000:00:16.7: BAR 13: no space for [io  size 0x1000]
[    0.910463] pci 0000:00:16.7: BAR 13: failed to assign [io  size 0x1000]
[    0.910465] pci 0000:00:17.3: BAR 13: no space for [io  size 0x1000]
[    0.910466] pci 0000:00:17.3: BAR 13: failed to assign [io  size 0x1000]
[    0.910467] pci 0000:00:17.4: BAR 13: no space for [io  size 0x1000]
[    0.910468] pci 0000:00:17.4: BAR 13: failed to assign [io  size 0x1000]
[    0.910469] pci 0000:00:17.5: BAR 13: no space for [io  size 0x1000]
[    0.910470] pci 0000:00:17.5: BAR 13: failed to assign [io  size 0x1000]
[    0.910472] pci 0000:00:17.6: BAR 13: no space for [io  size 0x1000]
[    0.910472] pci 0000:00:17.6: BAR 13: failed to assign [io  size 0x1000]
[    0.910474] pci 0000:00:17.7: BAR 13: no space for [io  size 0x1000]
[    0.910474] pci 0000:00:17.7: BAR 13: failed to assign [io  size 0x1000]
[    0.910476] pci 0000:00:18.2: BAR 13: no space for [io  size 0x1000]
[    0.910477] pci 0000:00:18.2: BAR 13: failed to assign [io  size 0x1000]
[    0.910478] pci 0000:00:18.3: BAR 13: no space for [io  size 0x1000]
[    0.910479] pci 0000:00:18.3: BAR 13: failed to assign [io  size 0x1000]
[    0.910480] pci 0000:00:18.4: BAR 13: no space for [io  size 0x1000]
[    0.910481] pci 0000:00:18.4: BAR 13: failed to assign [io  size 0x1000]
[    0.910482] pci 0000:00:18.5: BAR 13: no space for [io  size 0x1000]
[    0.910483] pci 0000:00:18.5: BAR 13: failed to assign [io  size 0x1000]
[    0.910485] pci 0000:00:18.6: BAR 13: no space for [io  size 0x1000]
[    0.910485] pci 0000:00:18.6: BAR 13: failed to assign [io  size 0x1000]
[    0.910487] pci 0000:00:18.7: BAR 13: no space for [io  size 0x1000]
[    0.910487] pci 0000:00:18.7: BAR 13: failed to assign [io  size 0x1000]
[    0.910491] pci 0000:00:18.7: BAR 13: no space for [io  size 0x1000]
[    0.910492] pci 0000:00:18.7: BAR 13: failed to assign [io  size 0x1000]
[    0.910493] pci 0000:00:18.6: BAR 13: no space for [io  size 0x1000]
[    0.910494] pci 0000:00:18.6: BAR 13: failed to assign [io  size 0x1000]
[    0.910495] pci 0000:00:18.5: BAR 13: no space for [io  size 0x1000]
[    0.910496] pci 0000:00:18.5: BAR 13: failed to assign [io  size 0x1000]
[    0.910498] pci 0000:00:18.4: BAR 13: no space for [io  size 0x1000]
[    0.910498] pci 0000:00:18.4: BAR 13: failed to assign [io  size 0x1000]
[    0.910500] pci 0000:00:18.3: BAR 13: no space for [io  size 0x1000]
[    0.910501] pci 0000:00:18.3: BAR 13: failed to assign [io  size 0x1000]
[    0.910502] pci 0000:00:18.2: BAR 13: no space for [io  size 0x1000]
[    0.910503] pci 0000:00:18.2: BAR 13: failed to assign [io  size 0x1000]
[    0.910504] pci 0000:00:17.7: BAR 13: no space for [io  size 0x1000]
[    0.910505] pci 0000:00:17.7: BAR 13: failed to assign [io  size 0x1000]
[    0.910506] pci 0000:00:17.6: BAR 13: no space for [io  size 0x1000]
[    0.910507] pci 0000:00:17.6: BAR 13: failed to assign [io  size 0x1000]
[    0.910509] pci 0000:00:17.5: BAR 13: no space for [io  size 0x1000]
[    0.910509] pci 0000:00:17.5: BAR 13: failed to assign [io  size 0x1000]
[    0.910511] pci 0000:00:17.4: BAR 13: no space for [io  size 0x1000]
[    0.910511] pci 0000:00:17.4: BAR 13: failed to assign [io  size 0x1000]
[    0.910513] pci 0000:00:17.3: BAR 13: no space for [io  size 0x1000]
[    0.910514] pci 0000:00:17.3: BAR 13: failed to assign [io  size 0x1000]
[    0.910515] pci 0000:00:16.7: BAR 13: no space for [io  size 0x1000]
[    0.910516] pci 0000:00:16.7: BAR 13: failed to assign [io  size 0x1000]
[    0.910517] pci 0000:00:16.6: BAR 13: no space for [io  size 0x1000]
[    0.910518] pci 0000:00:16.6: BAR 13: failed to assign [io  size 0x1000]
[    0.910520] pci 0000:00:16.5: BAR 13: no space for [io  size 0x1000]
[    0.910520] pci 0000:00:16.5: BAR 13: failed to assign [io  size 0x1000]
[    0.910522] pci 0000:00:16.4: BAR 13: no space for [io  size 0x1000]
[    0.910522] pci 0000:00:16.4: BAR 13: failed to assign [io  size 0x1000]
[    0.910524] pci 0000:00:16.3: BAR 13: no space for [io  size 0x1000]
[    0.910525] pci 0000:00:16.3: BAR 13: failed to assign [io  size 0x1000]
[    0.910526] pci 0000:00:15.7: BAR 13: no space for [io  size 0x1000]
[    0.910527] pci 0000:00:15.7: BAR 13: failed to assign [io  size 0x1000]
[    0.910528] pci 0000:00:15.6: BAR 13: no space for [io  size 0x1000]
[    0.910529] pci 0000:00:15.6: BAR 13: failed to assign [io  size 0x1000]
[    0.910530] pci 0000:00:15.5: BAR 13: no space for [io  size 0x1000]
[    0.910531] pci 0000:00:15.5: BAR 13: failed to assign [io  size 0x1000]
[    0.910533] pci 0000:00:15.4: BAR 13: no space for [io  size 0x1000]
[    0.910533] pci 0000:00:15.4: BAR 13: failed to assign [io  size 0x1000]
[    0.910535] pci 0000:00:15.3: BAR 13: no space for [io  size 0x1000]
[    0.910535] pci 0000:00:15.3: BAR 13: failed to assign [io  size 0x1000]
[    0.910537] pci 0000:00:01.0: PCI bridge to [bus 01]
[    0.910654] pci 0000:02:01.0: BAR 6: assigned [mem 0xfd500000-0xfd50ffff pref]
[    0.910655] pci 0000:02:05.0: BAR 6: assigned [mem 0xfd510000-0xfd51ffff pref]
[    0.910656] pci 0000:00:11.0: PCI bridge to [bus 02]
[    0.910671] pci 0000:00:11.0:   bridge window [io  0x2000-0x3fff]
[    0.910709] pci 0000:00:11.0:   bridge window [mem 0xfd500000-0xfdffffff]
[    0.910734] pci 0000:00:11.0:   bridge window [mem 0xe7b00000-0xe7ffffff 64bit pref]
[    0.910783] pci 0000:00:15.0: PCI bridge to [bus 03]
[    0.910797] pci 0000:00:15.0:   bridge window [io  0x4000-0x4fff]
[    0.910834] pci 0000:00:15.0:   bridge window [mem 0xfd400000-0xfd4fffff]
[    0.910860] pci 0000:00:15.0:   bridge window [mem 0xe7a00000-0xe7afffff 64bit pref]
[    0.910952] pci 0000:00:15.1: PCI bridge to [bus 04]
[    0.910967] pci 0000:00:15.1:   bridge window [io  0x8000-0x8fff]
[    0.911005] pci 0000:00:15.1:   bridge window [mem 0xfd000000-0xfd0fffff]
[    0.911030] pci 0000:00:15.1:   bridge window [mem 0xe7600000-0xe76fffff 64bit pref]
[    0.911097] pci 0000:00:15.2: PCI bridge to [bus 05]
[    0.911112] pci 0000:00:15.2:   bridge window [io  0xc000-0xcfff]
[    0.911150] pci 0000:00:15.2:   bridge window [mem 0xfcc00000-0xfccfffff]
[    0.911175] pci 0000:00:15.2:   bridge window [mem 0xe7200000-0xe72fffff 64bit pref]
[    0.911240] pci 0000:00:15.3: PCI bridge to [bus 06]
[    0.911279] pci 0000:00:15.3:   bridge window [mem 0xfc800000-0xfc8fffff]
[    0.911304] pci 0000:00:15.3:   bridge window [mem 0xe6e00000-0xe6efffff 64bit pref]
[    0.911369] pci 0000:00:15.4: PCI bridge to [bus 07]
[    0.911408] pci 0000:00:15.4:   bridge window [mem 0xfc400000-0xfc4fffff]
[    0.911434] pci 0000:00:15.4:   bridge window [mem 0xe6a00000-0xe6afffff 64bit pref]
[    0.911499] pci 0000:00:15.5: PCI bridge to [bus 08]
[    0.911538] pci 0000:00:15.5:   bridge window [mem 0xfc000000-0xfc0fffff]
[    0.911563] pci 0000:00:15.5:   bridge window [mem 0xe6600000-0xe66fffff 64bit pref]
[    0.911628] pci 0000:00:15.6: PCI bridge to [bus 09]
[    0.911667] pci 0000:00:15.6:   bridge window [mem 0xfbc00000-0xfbcfffff]
[    0.911692] pci 0000:00:15.6:   bridge window [mem 0xe6200000-0xe62fffff 64bit pref]
[    0.911756] pci 0000:00:15.7: PCI bridge to [bus 0a]
[    0.911795] pci 0000:00:15.7:   bridge window [mem 0xfb800000-0xfb8fffff]
[    0.911820] pci 0000:00:15.7:   bridge window [mem 0xe5e00000-0xe5efffff 64bit pref]
[    0.911885] pci 0000:00:16.0: PCI bridge to [bus 0b]
[    0.911900] pci 0000:00:16.0:   bridge window [io  0x5000-0x5fff]
[    0.911938] pci 0000:00:16.0:   bridge window [mem 0xfd300000-0xfd3fffff]
[    0.911963] pci 0000:00:16.0:   bridge window [mem 0xe7900000-0xe79fffff 64bit pref]
[    0.912027] pci 0000:00:16.1: PCI bridge to [bus 0c]
[    0.912042] pci 0000:00:16.1:   bridge window [io  0x9000-0x9fff]
[    0.912080] pci 0000:00:16.1:   bridge window [mem 0xfcf00000-0xfcffffff]
[    0.912105] pci 0000:00:16.1:   bridge window [mem 0xe7500000-0xe75fffff 64bit pref]
[    0.912181] pci 0000:00:16.2: PCI bridge to [bus 0d]
[    0.912197] pci 0000:00:16.2:   bridge window [io  0xd000-0xdfff]
[    0.912234] pci 0000:00:16.2:   bridge window [mem 0xfcb00000-0xfcbfffff]
[    0.912260] pci 0000:00:16.2:   bridge window [mem 0xe7100000-0xe71fffff 64bit pref]
[    0.912324] pci 0000:00:16.3: PCI bridge to [bus 0e]
[    0.912362] pci 0000:00:16.3:   bridge window [mem 0xfc700000-0xfc7fffff]
[    0.912388] pci 0000:00:16.3:   bridge window [mem 0xe6d00000-0xe6dfffff 64bit pref]
[    0.912452] pci 0000:00:16.4: PCI bridge to [bus 0f]
[    0.912491] pci 0000:00:16.4:   bridge window [mem 0xfc300000-0xfc3fffff]
[    0.912516] pci 0000:00:16.4:   bridge window [mem 0xe6900000-0xe69fffff 64bit pref]
[    0.912581] pci 0000:00:16.5: PCI bridge to [bus 10]
[    0.912620] pci 0000:00:16.5:   bridge window [mem 0xfbf00000-0xfbffffff]
[    0.912645] pci 0000:00:16.5:   bridge window [mem 0xe6500000-0xe65fffff 64bit pref]
[    0.912710] pci 0000:00:16.6: PCI bridge to [bus 11]
[    0.912749] pci 0000:00:16.6:   bridge window [mem 0xfbb00000-0xfbbfffff]
[    0.912774] pci 0000:00:16.6:   bridge window [mem 0xe6100000-0xe61fffff 64bit pref]
[    0.912838] pci 0000:00:16.7: PCI bridge to [bus 12]
[    0.912877] pci 0000:00:16.7:   bridge window [mem 0xfb700000-0xfb7fffff]
[    0.912902] pci 0000:00:16.7:   bridge window [mem 0xe5d00000-0xe5dfffff 64bit pref]
[    0.912967] pci 0000:00:17.0: PCI bridge to [bus 13]
[    0.912981] pci 0000:00:17.0:   bridge window [io  0x6000-0x6fff]
[    0.913019] pci 0000:00:17.0:   bridge window [mem 0xfd200000-0xfd2fffff]
[    0.913044] pci 0000:00:17.0:   bridge window [mem 0xe7800000-0xe78fffff 64bit pref]
[    0.913109] pci 0000:00:17.1: PCI bridge to [bus 14]
[    0.913124] pci 0000:00:17.1:   bridge window [io  0xa000-0xafff]
[    0.913162] pci 0000:00:17.1:   bridge window [mem 0xfce00000-0xfcefffff]
[    0.913187] pci 0000:00:17.1:   bridge window [mem 0xe7400000-0xe74fffff 64bit pref]
[    0.913252] pci 0000:00:17.2: PCI bridge to [bus 15]
[    0.913267] pci 0000:00:17.2:   bridge window [io  0xe000-0xefff]
[    0.913304] pci 0000:00:17.2:   bridge window [mem 0xfca00000-0xfcafffff]
[    0.913330] pci 0000:00:17.2:   bridge window [mem 0xe7000000-0xe70fffff 64bit pref]
[    0.913395] pci 0000:00:17.3: PCI bridge to [bus 16]
[    0.913433] pci 0000:00:17.3:   bridge window [mem 0xfc600000-0xfc6fffff]
[    0.913459] pci 0000:00:17.3:   bridge window [mem 0xe6c00000-0xe6cfffff 64bit pref]
[    0.913523] pci 0000:00:17.4: PCI bridge to [bus 17]
[    0.913562] pci 0000:00:17.4:   bridge window [mem 0xfc200000-0xfc2fffff]
[    0.913587] pci 0000:00:17.4:   bridge window [mem 0xe6800000-0xe68fffff 64bit pref]
[    0.913665] pci 0000:00:17.5: PCI bridge to [bus 18]
[    0.913704] pci 0000:00:17.5:   bridge window [mem 0xfbe00000-0xfbefffff]
[    0.913729] pci 0000:00:17.5:   bridge window [mem 0xe6400000-0xe64fffff 64bit pref]
[    0.913794] pci 0000:00:17.6: PCI bridge to [bus 19]
[    0.913833] pci 0000:00:17.6:   bridge window [mem 0xfba00000-0xfbafffff]
[    0.913858] pci 0000:00:17.6:   bridge window [mem 0xe6000000-0xe60fffff 64bit pref]
[    0.913923] pci 0000:00:17.7: PCI bridge to [bus 1a]
[    0.913962] pci 0000:00:17.7:   bridge window [mem 0xfb600000-0xfb6fffff]
[    0.913987] pci 0000:00:17.7:   bridge window [mem 0xe5c00000-0xe5cfffff 64bit pref]
[    0.914058] pci 0000:00:18.0: PCI bridge to [bus 1b]
[    0.914074] pci 0000:00:18.0:   bridge window [io  0x7000-0x7fff]
[    0.914111] pci 0000:00:18.0:   bridge window [mem 0xfd100000-0xfd1fffff]
[    0.914137] pci 0000:00:18.0:   bridge window [mem 0xe7700000-0xe77fffff 64bit pref]
[    0.914202] pci 0000:00:18.1: PCI bridge to [bus 1c]
[    0.914217] pci 0000:00:18.1:   bridge window [io  0xb000-0xbfff]
[    0.914254] pci 0000:00:18.1:   bridge window [mem 0xfcd00000-0xfcdfffff]
[    0.914280] pci 0000:00:18.1:   bridge window [mem 0xe7300000-0xe73fffff 64bit pref]
[    0.914345] pci 0000:00:18.2: PCI bridge to [bus 1d]
[    0.914384] pci 0000:00:18.2:   bridge window [mem 0xfc900000-0xfc9fffff]
[    0.914409] pci 0000:00:18.2:   bridge window [mem 0xe6f00000-0xe6ffffff 64bit pref]
[    0.914474] pci 0000:00:18.3: PCI bridge to [bus 1e]
[    0.914513] pci 0000:00:18.3:   bridge window [mem 0xfc500000-0xfc5fffff]
[    0.914538] pci 0000:00:18.3:   bridge window [mem 0xe6b00000-0xe6bfffff 64bit pref]
[    0.914603] pci 0000:00:18.4: PCI bridge to [bus 1f]
[    0.914642] pci 0000:00:18.4:   bridge window [mem 0xfc100000-0xfc1fffff]
[    0.914667] pci 0000:00:18.4:   bridge window [mem 0xe6700000-0xe67fffff 64bit pref]
[    0.914731] pci 0000:00:18.5: PCI bridge to [bus 20]
[    0.914770] pci 0000:00:18.5:   bridge window [mem 0xfbd00000-0xfbdfffff]
[    0.914796] pci 0000:00:18.5:   bridge window [mem 0xe6300000-0xe63fffff 64bit pref]
[    0.914860] pci 0000:00:18.6: PCI bridge to [bus 21]
[    0.914899] pci 0000:00:18.6:   bridge window [mem 0xfb900000-0xfb9fffff]
[    0.914924] pci 0000:00:18.6:   bridge window [mem 0xe5f00000-0xe5ffffff 64bit pref]
[    0.914989] pci 0000:00:18.7: PCI bridge to [bus 22]
[    0.915028] pci 0000:00:18.7:   bridge window [mem 0xfb500000-0xfb5fffff]
[    0.915053] pci 0000:00:18.7:   bridge window [mem 0xe5b00000-0xe5bfffff 64bit pref]
[    0.915118] pci_bus 0000:00: resource 4 [mem 0x000a0000-0x000bffff window]
[    0.915119] pci_bus 0000:00: resource 5 [mem 0x000d0000-0x000d3fff window]
[    0.915120] pci_bus 0000:00: resource 6 [mem 0x000d4000-0x000d7fff window]
[    0.915121] pci_bus 0000:00: resource 7 [mem 0x000d8000-0x000dbfff window]
[    0.915122] pci_bus 0000:00: resource 8 [mem 0xc0000000-0xfebfffff window]
[    0.915123] pci_bus 0000:00: resource 9 [io  0x0000-0x0cf7 window]
[    0.915123] pci_bus 0000:00: resource 10 [io  0x0d00-0xfeff window]
[    0.915125] pci_bus 0000:02: resource 0 [io  0x2000-0x3fff]
[    0.915125] pci_bus 0000:02: resource 1 [mem 0xfd500000-0xfdffffff]
[    0.915126] pci_bus 0000:02: resource 2 [mem 0xe7b00000-0xe7ffffff 64bit pref]
[    0.915127] pci_bus 0000:02: resource 4 [mem 0x000a0000-0x000bffff window]
[    0.915128] pci_bus 0000:02: resource 5 [mem 0x000d0000-0x000d3fff window]
[    0.915128] pci_bus 0000:02: resource 6 [mem 0x000d4000-0x000d7fff window]
[    0.915129] pci_bus 0000:02: resource 7 [mem 0x000d8000-0x000dbfff window]
[    0.915130] pci_bus 0000:02: resource 8 [mem 0xc0000000-0xfebfffff window]
[    0.915131] pci_bus 0000:02: resource 9 [io  0x0000-0x0cf7 window]
[    0.915131] pci_bus 0000:02: resource 10 [io  0x0d00-0xfeff window]
[    0.915133] pci_bus 0000:03: resource 0 [io  0x4000-0x4fff]
[    0.915133] pci_bus 0000:03: resource 1 [mem 0xfd400000-0xfd4fffff]
[    0.915134] pci_bus 0000:03: resource 2 [mem 0xe7a00000-0xe7afffff 64bit pref]
[    0.915135] pci_bus 0000:04: resource 0 [io  0x8000-0x8fff]
[    0.915136] pci_bus 0000:04: resource 1 [mem 0xfd000000-0xfd0fffff]
[    0.915136] pci_bus 0000:04: resource 2 [mem 0xe7600000-0xe76fffff 64bit pref]
[    0.915137] pci_bus 0000:05: resource 0 [io  0xc000-0xcfff]
[    0.915138] pci_bus 0000:05: resource 1 [mem 0xfcc00000-0xfccfffff]
[    0.915139] pci_bus 0000:05: resource 2 [mem 0xe7200000-0xe72fffff 64bit pref]
[    0.915140] pci_bus 0000:06: resource 1 [mem 0xfc800000-0xfc8fffff]
[    0.915140] pci_bus 0000:06: resource 2 [mem 0xe6e00000-0xe6efffff 64bit pref]
[    0.915141] pci_bus 0000:07: resource 1 [mem 0xfc400000-0xfc4fffff]
[    0.915142] pci_bus 0000:07: resource 2 [mem 0xe6a00000-0xe6afffff 64bit pref]
[    0.915143] pci_bus 0000:08: resource 1 [mem 0xfc000000-0xfc0fffff]
[    0.915143] pci_bus 0000:08: resource 2 [mem 0xe6600000-0xe66fffff 64bit pref]
[    0.915144] pci_bus 0000:09: resource 1 [mem 0xfbc00000-0xfbcfffff]
[    0.915145] pci_bus 0000:09: resource 2 [mem 0xe6200000-0xe62fffff 64bit pref]
[    0.915146] pci_bus 0000:0a: resource 1 [mem 0xfb800000-0xfb8fffff]
[    0.915146] pci_bus 0000:0a: resource 2 [mem 0xe5e00000-0xe5efffff 64bit pref]
[    0.915147] pci_bus 0000:0b: resource 0 [io  0x5000-0x5fff]
[    0.915148] pci_bus 0000:0b: resource 1 [mem 0xfd300000-0xfd3fffff]
[    0.915149] pci_bus 0000:0b: resource 2 [mem 0xe7900000-0xe79fffff 64bit pref]
[    0.915149] pci_bus 0000:0c: resource 0 [io  0x9000-0x9fff]
[    0.915150] pci_bus 0000:0c: resource 1 [mem 0xfcf00000-0xfcffffff]
[    0.915151] pci_bus 0000:0c: resource 2 [mem 0xe7500000-0xe75fffff 64bit pref]
[    0.915152] pci_bus 0000:0d: resource 0 [io  0xd000-0xdfff]
[    0.915153] pci_bus 0000:0d: resource 1 [mem 0xfcb00000-0xfcbfffff]
[    0.915153] pci_bus 0000:0d: resource 2 [mem 0xe7100000-0xe71fffff 64bit pref]
[    0.915154] pci_bus 0000:0e: resource 1 [mem 0xfc700000-0xfc7fffff]
[    0.915155] pci_bus 0000:0e: resource 2 [mem 0xe6d00000-0xe6dfffff 64bit pref]
[    0.915156] pci_bus 0000:0f: resource 1 [mem 0xfc300000-0xfc3fffff]
[    0.915157] pci_bus 0000:0f: resource 2 [mem 0xe6900000-0xe69fffff 64bit pref]
[    0.915157] pci_bus 0000:10: resource 1 [mem 0xfbf00000-0xfbffffff]
[    0.915158] pci_bus 0000:10: resource 2 [mem 0xe6500000-0xe65fffff 64bit pref]
[    0.915159] pci_bus 0000:11: resource 1 [mem 0xfbb00000-0xfbbfffff]
[    0.915160] pci_bus 0000:11: resource 2 [mem 0xe6100000-0xe61fffff 64bit pref]
[    0.915160] pci_bus 0000:12: resource 1 [mem 0xfb700000-0xfb7fffff]
[    0.915161] pci_bus 0000:12: resource 2 [mem 0xe5d00000-0xe5dfffff 64bit pref]
[    0.915162] pci_bus 0000:13: resource 0 [io  0x6000-0x6fff]
[    0.915163] pci_bus 0000:13: resource 1 [mem 0xfd200000-0xfd2fffff]
[    0.915163] pci_bus 0000:13: resource 2 [mem 0xe7800000-0xe78fffff 64bit pref]
[    0.915164] pci_bus 0000:14: resource 0 [io  0xa000-0xafff]
[    0.915165] pci_bus 0000:14: resource 1 [mem 0xfce00000-0xfcefffff]
[    0.915166] pci_bus 0000:14: resource 2 [mem 0xe7400000-0xe74fffff 64bit pref]
[    0.915166] pci_bus 0000:15: resource 0 [io  0xe000-0xefff]
[    0.915167] pci_bus 0000:15: resource 1 [mem 0xfca00000-0xfcafffff]
[    0.915168] pci_bus 0000:15: resource 2 [mem 0xe7000000-0xe70fffff 64bit pref]
[    0.915169] pci_bus 0000:16: resource 1 [mem 0xfc600000-0xfc6fffff]
[    0.915170] pci_bus 0000:16: resource 2 [mem 0xe6c00000-0xe6cfffff 64bit pref]
[    0.915170] pci_bus 0000:17: resource 1 [mem 0xfc200000-0xfc2fffff]
[    0.915171] pci_bus 0000:17: resource 2 [mem 0xe6800000-0xe68fffff 64bit pref]
[    0.915172] pci_bus 0000:18: resource 1 [mem 0xfbe00000-0xfbefffff]
[    0.915173] pci_bus 0000:18: resource 2 [mem 0xe6400000-0xe64fffff 64bit pref]
[    0.915173] pci_bus 0000:19: resource 1 [mem 0xfba00000-0xfbafffff]
[    0.915174] pci_bus 0000:19: resource 2 [mem 0xe6000000-0xe60fffff 64bit pref]
[    0.915175] pci_bus 0000:1a: resource 1 [mem 0xfb600000-0xfb6fffff]
[    0.915176] pci_bus 0000:1a: resource 2 [mem 0xe5c00000-0xe5cfffff 64bit pref]
[    0.915177] pci_bus 0000:1b: resource 0 [io  0x7000-0x7fff]
[    0.915177] pci_bus 0000:1b: resource 1 [mem 0xfd100000-0xfd1fffff]
[    0.915178] pci_bus 0000:1b: resource 2 [mem 0xe7700000-0xe77fffff 64bit pref]
[    0.915179] pci_bus 0000:1c: resource 0 [io  0xb000-0xbfff]
[    0.915179] pci_bus 0000:1c: resource 1 [mem 0xfcd00000-0xfcdfffff]
[    0.915180] pci_bus 0000:1c: resource 2 [mem 0xe7300000-0xe73fffff 64bit pref]
[    0.915181] pci_bus 0000:1d: resource 1 [mem 0xfc900000-0xfc9fffff]
[    0.915182] pci_bus 0000:1d: resource 2 [mem 0xe6f00000-0xe6ffffff 64bit pref]
[    0.915182] pci_bus 0000:1e: resource 1 [mem 0xfc500000-0xfc5fffff]
[    0.915183] pci_bus 0000:1e: resource 2 [mem 0xe6b00000-0xe6bfffff 64bit pref]
[    0.915184] pci_bus 0000:1f: resource 1 [mem 0xfc100000-0xfc1fffff]
[    0.915185] pci_bus 0000:1f: resource 2 [mem 0xe6700000-0xe67fffff 64bit pref]
[    0.915185] pci_bus 0000:20: resource 1 [mem 0xfbd00000-0xfbdfffff]
[    0.915186] pci_bus 0000:20: resource 2 [mem 0xe6300000-0xe63fffff 64bit pref]
[    0.915187] pci_bus 0000:21: resource 1 [mem 0xfb900000-0xfb9fffff]
[    0.915188] pci_bus 0000:21: resource 2 [mem 0xe5f00000-0xe5ffffff 64bit pref]
[    0.915189] pci_bus 0000:22: resource 1 [mem 0xfb500000-0xfb5fffff]
[    0.915189] pci_bus 0000:22: resource 2 [mem 0xe5b00000-0xe5bfffff 64bit pref]
[    0.915500] NET: Registered protocol family 2
[    0.916524] tcp_listen_portaddr_hash hash table entries: 1024 (order: 2, 16384 bytes)
[    0.916646] TCP established hash table entries: 16384 (order: 5, 131072 bytes)
[    0.917588] TCP bind hash table entries: 16384 (order: 6, 262144 bytes)
[    0.919095] TCP: Hash tables configured (established 16384 bind 16384)
[    0.921447] UDP hash table entries: 1024 (order: 3, 32768 bytes)
[    0.921663] UDP-Lite hash table entries: 1024 (order: 3, 32768 bytes)
[    0.924738] NET: Registered protocol family 1
[    0.924743] NET: Registered protocol family 44
[    0.924750] pci 0000:00:00.0: Limiting direct PCI/PCI transfers
[    0.924883] pci 0000:00:0f.0: Video device with shadowed ROM at [mem 0x000c0000-0x000dffff]
[    0.926669] PCI: CLS mismatch (32 != 64), using 64 bytes
[    0.927499] Unpacking initramfs...
[    2.215144] Freeing initrd memory: 39268K
[    2.215429] check: Scanning for low memory corruption every 60 seconds
[    2.223347] Initialise system trusted keyrings
[    2.223359] Key type blacklist registered
[    2.223421] workingset: timestamp_bits=36 max_order=19 bucket_order=0
[    2.229892] zbud: loaded
[    2.231336] squashfs: version 4.0 (2009/01/31) Phillip Lougher
[    2.232322] fuse init (API version 7.28)
[    2.284367] Key type asymmetric registered
[    2.284367] Asymmetric key parser 'x509' registered
[    2.284367] Block layer SCSI generic (bsg) driver version 0.4 loaded (major 243)
[    2.284367] io scheduler mq-deadline registered
[    2.287024] pcieport 0000:00:15.0: Signaling PME with IRQ 24
[    2.287174] pciehp 0000:00:15.0:pcie004: Slot #160 AttnBtn+ PwrCtrl+ MRL- AttnInd- PwrInd- HotPlug+ Surprise- Interlock- NoCompl+ LLActRep+
[    2.288474] pcieport 0000:00:15.1: Signaling PME with IRQ 25
[    2.288562] pciehp 0000:00:15.1:pcie004: Slot #161 AttnBtn+ PwrCtrl+ MRL- AttnInd- PwrInd- HotPlug+ Surprise- Interlock- NoCompl+ LLActRep+
[    2.289882] pcieport 0000:00:15.2: Signaling PME with IRQ 26
[    2.289971] pciehp 0000:00:15.2:pcie004: Slot #162 AttnBtn+ PwrCtrl+ MRL- AttnInd- PwrInd- HotPlug+ Surprise- Interlock- NoCompl+ LLActRep+
[    2.291377] pcieport 0000:00:15.3: Signaling PME with IRQ 27
[    2.291521] pciehp 0000:00:15.3:pcie004: Slot #163 AttnBtn+ PwrCtrl+ MRL- AttnInd- PwrInd- HotPlug+ Surprise- Interlock- NoCompl+ LLActRep+
[    2.292784] pcieport 0000:00:15.4: Signaling PME with IRQ 28
[    2.292875] pciehp 0000:00:15.4:pcie004: Slot #164 AttnBtn+ PwrCtrl+ MRL- AttnInd- PwrInd- HotPlug+ Surprise- Interlock- NoCompl+ LLActRep+
[    2.294117] pcieport 0000:00:15.5: Signaling PME with IRQ 29
[    2.294205] pciehp 0000:00:15.5:pcie004: Slot #165 AttnBtn+ PwrCtrl+ MRL- AttnInd- PwrInd- HotPlug+ Surprise- Interlock- NoCompl+ LLActRep+
[    2.295554] pcieport 0000:00:15.6: Signaling PME with IRQ 30
[    2.295722] pciehp 0000:00:15.6:pcie004: Slot #166 AttnBtn+ PwrCtrl+ MRL- AttnInd- PwrInd- HotPlug+ Surprise- Interlock- NoCompl+ LLActRep+
[    2.297007] pcieport 0000:00:15.7: Signaling PME with IRQ 31
[    2.297093] pciehp 0000:00:15.7:pcie004: Slot #167 AttnBtn+ PwrCtrl+ MRL- AttnInd- PwrInd- HotPlug+ Surprise- Interlock- NoCompl+ LLActRep+
[    2.298499] pcieport 0000:00:16.0: Signaling PME with IRQ 32
[    2.298588] pciehp 0000:00:16.0:pcie004: Slot #192 AttnBtn+ PwrCtrl+ MRL- AttnInd- PwrInd- HotPlug+ Surprise- Interlock- NoCompl+ LLActRep+
[    2.299843] pcieport 0000:00:16.1: Signaling PME with IRQ 33
[    2.300021] pciehp 0000:00:16.1:pcie004: Slot #193 AttnBtn+ PwrCtrl+ MRL- AttnInd- PwrInd- HotPlug+ Surprise- Interlock- NoCompl+ LLActRep+
[    2.301365] pcieport 0000:00:16.2: Signaling PME with IRQ 34
[    2.301535] pciehp 0000:00:16.2:pcie004: Slot #194 AttnBtn+ PwrCtrl+ MRL- AttnInd- PwrInd- HotPlug+ Surprise- Interlock- NoCompl+ LLActRep+
[    2.303087] pcieport 0000:00:16.3: Signaling PME with IRQ 35
[    2.303175] pciehp 0000:00:16.3:pcie004: Slot #195 AttnBtn+ PwrCtrl+ MRL- AttnInd- PwrInd- HotPlug+ Surprise- Interlock- NoCompl+ LLActRep+
[    2.304480] pcieport 0000:00:16.4: Signaling PME with IRQ 36
[    2.304567] pciehp 0000:00:16.4:pcie004: Slot #196 AttnBtn+ PwrCtrl+ MRL- AttnInd- PwrInd- HotPlug+ Surprise- Interlock- NoCompl+ LLActRep+
[    2.305980] pcieport 0000:00:16.5: Signaling PME with IRQ 37
[    2.306070] pciehp 0000:00:16.5:pcie004: Slot #197 AttnBtn+ PwrCtrl+ MRL- AttnInd- PwrInd- HotPlug+ Surprise- Interlock- NoCompl+ LLActRep+
[    2.307489] pcieport 0000:00:16.6: Signaling PME with IRQ 38
[    2.307611] pciehp 0000:00:16.6:pcie004: Slot #198 AttnBtn+ PwrCtrl+ MRL- AttnInd- PwrInd- HotPlug+ Surprise- Interlock- NoCompl+ LLActRep+
[    2.308916] pcieport 0000:00:16.7: Signaling PME with IRQ 39
[    2.309002] pciehp 0000:00:16.7:pcie004: Slot #199 AttnBtn+ PwrCtrl+ MRL- AttnInd- PwrInd- HotPlug+ Surprise- Interlock- NoCompl+ LLActRep+
[    2.310576] pcieport 0000:00:17.0: Signaling PME with IRQ 40
[    2.310664] pciehp 0000:00:17.0:pcie004: Slot #224 AttnBtn+ PwrCtrl+ MRL- AttnInd- PwrInd- HotPlug+ Surprise- Interlock- NoCompl+ LLActRep+
[    2.312079] pcieport 0000:00:17.1: Signaling PME with IRQ 41
[    2.312189] pciehp 0000:00:17.1:pcie004: Slot #225 AttnBtn+ PwrCtrl+ MRL- AttnInd- PwrInd- HotPlug+ Surprise- Interlock- NoCompl+ LLActRep+
[    2.313730] pcieport 0000:00:17.2: Signaling PME with IRQ 42
[    2.313820] pciehp 0000:00:17.2:pcie004: Slot #226 AttnBtn+ PwrCtrl+ MRL- AttnInd- PwrInd- HotPlug+ Surprise- Interlock- NoCompl+ LLActRep+
[    2.315430] pcieport 0000:00:17.3: Signaling PME with IRQ 43
[    2.315517] pciehp 0000:00:17.3:pcie004: Slot #227 AttnBtn+ PwrCtrl+ MRL- AttnInd- PwrInd- HotPlug+ Surprise- Interlock- NoCompl+ LLActRep+
[    2.316956] pcieport 0000:00:17.4: Signaling PME with IRQ 44
[    2.317121] pciehp 0000:00:17.4:pcie004: Slot #228 AttnBtn+ PwrCtrl+ MRL- AttnInd- PwrInd- HotPlug+ Surprise- Interlock- NoCompl+ LLActRep+
[    2.318661] pcieport 0000:00:17.5: Signaling PME with IRQ 45
[    2.318755] pciehp 0000:00:17.5:pcie004: Slot #229 AttnBtn+ PwrCtrl+ MRL- AttnInd- PwrInd- HotPlug+ Surprise- Interlock- NoCompl+ LLActRep+
[    2.320168] pcieport 0000:00:17.6: Signaling PME with IRQ 46
[    2.320259] pciehp 0000:00:17.6:pcie004: Slot #230 AttnBtn+ PwrCtrl+ MRL- AttnInd- PwrInd- HotPlug+ Surprise- Interlock- NoCompl+ LLActRep+
[    2.321573] pcieport 0000:00:17.7: Signaling PME with IRQ 47
[    2.321750] pciehp 0000:00:17.7:pcie004: Slot #231 AttnBtn+ PwrCtrl+ MRL- AttnInd- PwrInd- HotPlug+ Surprise- Interlock- NoCompl+ LLActRep+
[    2.323107] pcieport 0000:00:18.0: Signaling PME with IRQ 48
[    2.323197] pciehp 0000:00:18.0:pcie004: Slot #256 AttnBtn+ PwrCtrl+ MRL- AttnInd- PwrInd- HotPlug+ Surprise- Interlock- NoCompl+ LLActRep+
[    2.324681] pcieport 0000:00:18.1: Signaling PME with IRQ 49
[    2.324771] pciehp 0000:00:18.1:pcie004: Slot #257 AttnBtn+ PwrCtrl+ MRL- AttnInd- PwrInd- HotPlug+ Surprise- Interlock- NoCompl+ LLActRep+
[    2.326286] pcieport 0000:00:18.2: Signaling PME with IRQ 50
[    2.326437] pciehp 0000:00:18.2:pcie004: Slot #258 AttnBtn+ PwrCtrl+ MRL- AttnInd- PwrInd- HotPlug+ Surprise- Interlock- NoCompl+ LLActRep+
[    2.327798] pcieport 0000:00:18.3: Signaling PME with IRQ 51
[    2.327887] pciehp 0000:00:18.3:pcie004: Slot #259 AttnBtn+ PwrCtrl+ MRL- AttnInd- PwrInd- HotPlug+ Surprise- Interlock- NoCompl+ LLActRep+
[    2.329352] pcieport 0000:00:18.4: Signaling PME with IRQ 52
[    2.329441] pciehp 0000:00:18.4:pcie004: Slot #260 AttnBtn+ PwrCtrl+ MRL- AttnInd- PwrInd- HotPlug+ Surprise- Interlock- NoCompl+ LLActRep+
[    2.330785] pcieport 0000:00:18.5: Signaling PME with IRQ 53
[    2.330928] pciehp 0000:00:18.5:pcie004: Slot #261 AttnBtn+ PwrCtrl+ MRL- AttnInd- PwrInd- HotPlug+ Surprise- Interlock- NoCompl+ LLActRep+
[    2.332253] pcieport 0000:00:18.6: Signaling PME with IRQ 54
[    2.332344] pciehp 0000:00:18.6:pcie004: Slot #262 AttnBtn+ PwrCtrl+ MRL- AttnInd- PwrInd- HotPlug+ Surprise- Interlock- NoCompl+ LLActRep+
[    2.334697] pcieport 0000:00:18.7: Signaling PME with IRQ 55
[    2.334859] pciehp 0000:00:18.7:pcie004: Slot #263 AttnBtn+ PwrCtrl+ MRL- AttnInd- PwrInd- HotPlug+ Surprise- Interlock- NoCompl+ LLActRep+
[    2.335774] shpchp: Standard Hot Plug PCI Controller Driver version: 0.4
[    2.335925] intel_idle: Please enable MWAIT in BIOS SETUP
[    2.336305] ACPI: AC Adapter [ACAD] (on-line)
[    2.336542] input: Power Button as /devices/LNXSYSTM:00/LNXPWRBN:00/input/input0
[    2.336588] ACPI: Power Button [PWRF]
[    2.337388] Serial: 8250/16550 driver, 32 ports, IRQ sharing enabled
[    2.362692] 00:05: ttyS0 at I/O 0x3f8 (irq = 4, base_baud = 115200) is a 16550A
[    2.365426] Linux agpgart interface v0.103
[    2.365547] agpgart-intel 0000:00:00.0: Intel 440BX Chipset
[    2.366137] agpgart-intel 0000:00:00.0: AGP aperture is 256M @ 0x0
[    2.385924] loop: module loaded
[    2.386052] ata_piix 0000:00:07.1: version 2.13
[    2.386496] scsi host0: ata_piix
[    2.386609] scsi host1: ata_piix
[    2.386647] ata1: PATA max UDMA/33 cmd 0x1f0 ctl 0x3f6 bmdma 0x1060 irq 14
[    2.386648] ata2: PATA max UDMA/33 cmd 0x170 ctl 0x376 bmdma 0x1068 irq 15
[    2.386727] libphy: Fixed MDIO Bus: probed
[    2.386728] tun: Universal TUN/TAP device driver, 1.6
[    2.387006] PPP generic driver version 2.4.2
[    2.387042] ehci_hcd: USB 2.0 'Enhanced' Host Controller (EHCI) Driver
[    2.387045] ehci-pci: EHCI PCI platform driver
[    2.387549] ehci-pci 0000:02:03.0: EHCI Host Controller
[    2.387554] ehci-pci 0000:02:03.0: new USB bus registered, assigned bus number 1
[    2.387742] ehci-pci 0000:02:03.0: cache line size of 64 is not supported
[    2.387758] ehci-pci 0000:02:03.0: irq 17, io mem 0xfd5ef000
[    2.400945] ehci-pci 0000:02:03.0: USB 2.0 started, EHCI 1.00
[    2.401032] usb usb1: New USB device found, idVendor=1d6b, idProduct=0002, bcdDevice= 5.00
[    2.401033] usb usb1: New USB device strings: Mfr=3, Product=2, SerialNumber=1
[    2.401034] usb usb1: Product: EHCI Host Controller
[    2.401035] usb usb1: Manufacturer: Linux 5.0.0-23-generic ehci_hcd
[    2.401036] usb usb1: SerialNumber: 0000:02:03.0
[    2.401151] hub 1-0:1.0: USB hub found
[    2.401157] hub 1-0:1.0: 6 ports detected
[    2.401349] ehci-platform: EHCI generic platform driver
[    2.401361] ohci_hcd: USB 1.1 'Open' Host Controller (OHCI) Driver
[    2.401365] ohci-pci: OHCI PCI platform driver
[    2.401378] ohci-platform: OHCI generic platform driver
[    2.401384] uhci_hcd: USB Universal Host Controller Interface driver
[    2.401971] uhci_hcd 0000:02:00.0: UHCI Host Controller
[    2.401976] uhci_hcd 0000:02:00.0: new USB bus registered, assigned bus number 2
[    2.402028] uhci_hcd 0000:02:00.0: detected 2 ports
[    2.402265] uhci_hcd 0000:02:00.0: irq 18, io base 0x00002080
[    2.402410] usb usb2: New USB device found, idVendor=1d6b, idProduct=0001, bcdDevice= 5.00
[    2.402411] usb usb2: New USB device strings: Mfr=3, Product=2, SerialNumber=1
[    2.402412] usb usb2: Product: UHCI Host Controller
[    2.402413] usb usb2: Manufacturer: Linux 5.0.0-23-generic uhci_hcd
[    2.402414] usb usb2: SerialNumber: 0000:02:00.0
[    2.402480] hub 2-0:1.0: USB hub found
[    2.402484] hub 2-0:1.0: 2 ports detected
[    2.402676] i8042: PNP: PS/2 Controller [PNP0303:KBC,PNP0f13:MOUS] at 0x60,0x64 irq 1,12
[    2.403455] serio: i8042 KBD port at 0x60,0x64 irq 1
[    2.403482] serio: i8042 AUX port at 0x60,0x64 irq 12
[    2.403540] mousedev: PS/2 mouse device common for all mice
[    2.424220] rtc_cmos 00:01: registered as rtc0
[    2.424237] rtc_cmos 00:01: alarms up to one month, y3k, 114 bytes nvram, hpet irqs
[    2.424244] i2c /dev entries driver
[    2.424337] device-mapper: uevent: version 1.0.3
[    2.424389] device-mapper: ioctl: 4.39.0-ioctl (2018-04-03) initialised: dm-devel@redhat.com
[    2.424409] platform eisa.0: Probing EISA bus 0
[    2.424410] platform eisa.0: EISA: Cannot allocate resource for mainboard
[    2.424411] platform eisa.0: Cannot allocate resource for EISA slot 1
[    2.424412] platform eisa.0: Cannot allocate resource for EISA slot 2
[    2.424413] platform eisa.0: Cannot allocate resource for EISA slot 3
[    2.424414] platform eisa.0: Cannot allocate resource for EISA slot 4
[    2.424414] platform eisa.0: Cannot allocate resource for EISA slot 5
[    2.424415] platform eisa.0: Cannot allocate resource for EISA slot 6
[    2.424416] platform eisa.0: Cannot allocate resource for EISA slot 7
[    2.424416] platform eisa.0: Cannot allocate resource for EISA slot 8
[    2.424417] platform eisa.0: EISA: Detected 0 cards
[    2.424662] ledtrig-cpu: registered to indicate activity on CPUs
[    2.424916] NET: Registered protocol family 10
[    2.428180] Segment Routing with IPv6
[    2.430536] NET: Registered protocol family 17
[    2.430568] Key type dns_resolver registered
[    2.430692] RAS: Correctable Errors collector initialized.
[    2.430703] sched_clock: Marking stable (2426714194, 3710864)->(2484161468, -53736410)
[    2.430829] registered taskstats version 1
[    2.430838] Loading compiled-in X.509 certificates
[    2.432300] Loaded X.509 cert 'Build time autogenerated kernel key: caf27ed67be6a8d4c681ef3325a4613a9f2d2943'
[    2.432324] zswap: loaded using pool lzo/zbud
[    2.433170] input: AT Translated Set 2 keyboard as /devices/platform/i8042/serio0/input/input1
[    2.437204] Key type big_key registered
[    2.437208] Key type trusted registered
[    2.439516] Key type encrypted registered
[    2.439520] AppArmor: AppArmor sha1 policy hashing enabled
[    2.439524] ima: No TPM chip found, activating TPM-bypass!
[    2.439528] ima: Allocated hash algorithm: sha1
[    2.439533] No architecture policies found
[    2.439539] evm: Initialising EVM extended attributes:
[    2.439539] evm: security.selinux
[    2.439540] evm: security.SMACK64
[    2.439540] evm: security.SMACK64EXEC
[    2.439540] evm: security.SMACK64TRANSMUTE
[    2.439541] evm: security.SMACK64MMAP
[    2.439541] evm: security.apparmor
[    2.439541] evm: security.ima
[    2.439542] evm: security.capability
[    2.439542] evm: HMAC attrs: 0x1
[    2.442812]   Magic number: 4:19:231
[    2.442958] acpi device:78: hash matches
[    2.442965] acpi device:4b: hash matches
[    2.443112] rtc_cmos 00:01: setting system clock to 2020-01-20T13:13:09 UTC (1579525989)
[    2.574823] Freeing unused decrypted memory: 2040K
[    2.575593] Freeing unused kernel image memory: 2584K
[    2.586816] Write protecting the kernel read-only data: 22528k
[    2.587624] Freeing unused kernel image memory: 2016K
[    2.588178] Freeing unused kernel image memory: 1832K
[    2.609539] x86/mm: Checked W+X mappings: passed, no W+X pages found.
[    2.609544] x86/mm: Checking user space page tables
[    2.639307] x86/mm: Checked W+X mappings: passed, no W+X pages found.
[    2.639312] Run /init as init process
[    2.766432] usb 2-1: new full-speed USB device number 2 using uhci_hcd
[    2.906814] piix4_smbus 0000:00:07.3: SMBus Host Controller not enabled!
[    2.910322] Fusion MPT base driver 3.04.20
[    2.910323] Copyright (c) 1999-2008 LSI Corporation
[    2.913198] Fusion MPT SPI Host driver 3.04.20
[    2.916730] e1000: Intel(R) PRO/1000 Network Driver - version 7.3.21-k8-NAPI
[    2.916731] e1000: Copyright (c) 1999-2006 Intel Corporation.
[    2.924078] ahci 0000:02:05.0: version 3.0
[    2.936238] ahci 0000:02:05.0: AHCI 0001.0300 32 slots 30 ports 6 Gbps 0x3fffffff impl SATA mode
[    2.936240] ahci 0000:02:05.0: flags: 64bit ncq clo only 
[    2.939863] mptbase: ioc0: Initiating bringup
[    2.943779] usb 2-1: New USB device found, idVendor=0e0f, idProduct=0003, bcdDevice= 1.03
[    2.943781] usb 2-1: New USB device strings: Mfr=1, Product=2, SerialNumber=0
[    2.943782] usb 2-1: Product: VMware Virtual USB Mouse
[    2.943783] usb 2-1: Manufacturer: VMware
[    2.967093] input: VirtualPS/2 VMware VMMouse as /devices/platform/i8042/serio1/input/input4
[    2.967521] input: VirtualPS/2 VMware VMMouse as /devices/platform/i8042/serio1/input/input3
[    3.002089] scsi host2: ahci
[    3.007695] scsi host3: ahci
[    3.016454] scsi host4: ahci
[    3.022833] scsi host5: ahci
[    3.028355] scsi host6: ahci
[    3.037254] scsi host7: ahci
[    3.043564] scsi host8: ahci
[    3.044497] ioc0: LSI53C1030 B0: Capabilities={Initiator}
[    3.052295] scsi host9: ahci
[    3.062742] scsi host10: ahci
[    3.077497] scsi host11: ahci
[    3.087334] usb 2-2: new full-speed USB device number 3 using uhci_hcd
[    3.092582] scsi host12: ahci
[    3.102662] scsi host13: ahci
[    3.117397] scsi host14: ahci
[    3.136749] scsi host15: ahci
[    3.151360] scsi host16: ahci
[    3.161272] scsi host17: ahci
[    3.175740] scsi host18: ahci
[    3.185519] scsi host19: ahci
[    3.200430] scsi host20: ahci
[    3.214846] scsi host21: ahci
[    3.229704] scsi host22: ahci
[    3.244411] tsc: Refined TSC clocksource calibration: 2194.922 MHz
[    3.244447] clocksource: tsc: mask: 0xffffffffffffffff max_cycles: 0x1fa375eb081, max_idle_ns: 440795260500 ns
[    3.244462] clocksource: Switched to clocksource tsc
[    3.244477] scsi host23: ahci
[    3.254661] scsi host24: ahci
[    3.272081] scsi host25: ahci
[    3.285322] usb 2-2: New USB device found, idVendor=0e0f, idProduct=0002, bcdDevice= 1.00
[    3.285326] usb 2-2: New USB device strings: Mfr=1, Product=2, SerialNumber=0
[    3.285328] usb 2-2: Product: VMware Virtual USB Hub
[    3.285329] usb 2-2: Manufacturer: VMware, Inc.
[    3.285695] scsi host26: ahci
[    3.298808] scsi host27: ahci
[    3.304193] hub 2-2:1.0: USB hub found
[    3.309382] hub 2-2:1.0: 7 ports detected
[    3.309410] scsi host28: ioc0: LSI53C1030 B0, FwRev=01032920h, Ports=1, MaxQ=128, IRQ=17
[    3.309777] scsi host29: ahci
[    3.320481] scsi host30: ahci
[    3.330793] scsi host31: ahci
[    3.345656] scsi host32: ahci
[    3.345908] ata3: SATA max UDMA/133 abar m4096@0xfd5ee000 port 0xfd5ee100 irq 56
[    3.345909] ata4: SATA max UDMA/133 abar m4096@0xfd5ee000 port 0xfd5ee180 irq 56
[    3.345910] ata5: SATA max UDMA/133 abar m4096@0xfd5ee000 port 0xfd5ee200 irq 56
[    3.345911] ata6: SATA max UDMA/133 abar m4096@0xfd5ee000 port 0xfd5ee280 irq 56
[    3.345912] ata7: SATA max UDMA/133 abar m4096@0xfd5ee000 port 0xfd5ee300 irq 56
[    3.345912] ata8: SATA max UDMA/133 abar m4096@0xfd5ee000 port 0xfd5ee380 irq 56
[    3.345913] ata9: SATA max UDMA/133 abar m4096@0xfd5ee000 port 0xfd5ee400 irq 56
[    3.345914] ata10: SATA max UDMA/133 abar m4096@0xfd5ee000 port 0xfd5ee480 irq 56
[    3.345914] ata11: SATA max UDMA/133 abar m4096@0xfd5ee000 port 0xfd5ee500 irq 56
[    3.345915] ata12: SATA max UDMA/133 abar m4096@0xfd5ee000 port 0xfd5ee580 irq 56
[    3.345916] ata13: SATA max UDMA/133 abar m4096@0xfd5ee000 port 0xfd5ee600 irq 56
[    3.345917] ata14: SATA max UDMA/133 abar m4096@0xfd5ee000 port 0xfd5ee680 irq 56
[    3.345918] ata15: SATA max UDMA/133 abar m4096@0xfd5ee000 port 0xfd5ee700 irq 56
[    3.345918] ata16: SATA max UDMA/133 abar m4096@0xfd5ee000 port 0xfd5ee780 irq 56
[    3.345919] ata17: SATA max UDMA/133 abar m4096@0xfd5ee000 port 0xfd5ee800 irq 56
[    3.345920] ata18: SATA max UDMA/133 abar m4096@0xfd5ee000 port 0xfd5ee880 irq 56
[    3.345921] ata19: SATA max UDMA/133 abar m4096@0xfd5ee000 port 0xfd5ee900 irq 56
[    3.345921] ata20: SATA max UDMA/133 abar m4096@0xfd5ee000 port 0xfd5ee980 irq 56
[    3.345922] ata21: SATA max UDMA/133 abar m4096@0xfd5ee000 port 0xfd5eea00 irq 56
[    3.345922] ata22: SATA max UDMA/133 abar m4096@0xfd5ee000 port 0xfd5eea80 irq 56
[    3.345923] ata23: SATA max UDMA/133 abar m4096@0xfd5ee000 port 0xfd5eeb00 irq 56
[    3.345924] ata24: SATA max UDMA/133 abar m4096@0xfd5ee000 port 0xfd5eeb80 irq 56
[    3.345925] ata25: SATA max UDMA/133 abar m4096@0xfd5ee000 port 0xfd5eec00 irq 56
[    3.345925] ata26: SATA max UDMA/133 abar m4096@0xfd5ee000 port 0xfd5eec80 irq 56
[    3.345926] ata27: SATA max UDMA/133 abar m4096@0xfd5ee000 port 0xfd5eed00 irq 56
[    3.345927] ata28: SATA max UDMA/133 abar m4096@0xfd5ee000 port 0xfd5eed80 irq 56
[    3.345927] ata29: SATA max UDMA/133 abar m4096@0xfd5ee000 port 0xfd5eee00 irq 56
[    3.345928] ata30: SATA max UDMA/133 abar m4096@0xfd5ee000 port 0xfd5eee80 irq 56
[    3.345929] ata31: SATA max UDMA/133 abar m4096@0xfd5ee000 port 0xfd5eef00 irq 56
[    3.345929] ata32: SATA max UDMA/133 abar m4096@0xfd5ee000 port 0xfd5eef80 irq 56
[    3.358255] hidraw: raw HID events driver (C) Jiri Kosina
[    3.377743] usbcore: registered new interface driver usbhid
[    3.377744] usbhid: USB HID core driver
[    3.380801] input: VMware VMware Virtual USB Mouse as /devices/pci0000:00/0000:00:11.0/0000:02:00.0/usb2/2-1/2-1:1.0/0003:0E0F:0003.0001/input/input5
[    3.381029] hid-generic 0003:0E0F:0003.0001: input,hidraw0: USB HID v1.10 Mouse [VMware VMware Virtual USB Mouse] on usb-0000:02:00.0-1/input0
[    3.442573] e1000 0000:02:01.0 eth0: (PCI:66MHz:32-bit) 00:0c:29:e9:0a:af
[    3.442589] e1000 0000:02:01.0 eth0: Intel(R) PRO/1000 Network Connection
[    3.450444] e1000 0000:02:01.0 ens33: renamed from eth0
[    3.482422] scsi 28:0:0:0: Direct-Access     VMware,  VMware Virtual S 1.0  PQ: 0 ANSI: 2
[    3.482441] scsi target28:0:0: Beginning Domain Validation
[    3.484396] scsi target28:0:0: Domain Validation skipping write tests
[    3.484399] scsi target28:0:0: Ending Domain Validation
[    3.484485] scsi target28:0:0: FAST-40 WIDE SCSI 80.0 MB/s ST (25 ns, offset 127)
[    3.505065] sd 28:0:0:0: Attached scsi generic sg0 type 0
[    3.505709] sd 28:0:0:0: [sda] 41943040 512-byte logical blocks: (21.5 GB/20.0 GiB)
[    3.505820] sd 28:0:0:0: [sda] Write Protect is off
[    3.505825] sd 28:0:0:0: [sda] Mode Sense: 61 00 00 00
[    3.506013] sd 28:0:0:0: [sda] Cache data unavailable
[    3.506017] sd 28:0:0:0: [sda] Assuming drive cache: write through
[    3.508488]  sda: sda1
[    3.512493] sd 28:0:0:0: [sda] Attached SCSI disk
[    3.661035] ata3: SATA link down (SStatus 0 SControl 300)
[    3.661202] ata4: SATA link up 6.0 Gbps (SStatus 133 SControl 300)
[    3.661384] ata4.00: ATAPI: VMware Virtual SATA CDRW Drive, 00000001, max UDMA/33
[    3.661661] ata4.00: configured for UDMA/33
[    3.662715] scsi 3:0:0:0: CD-ROM            NECVMWar VMware SATA CD01 1.00 PQ: 0 ANSI: 5
[    3.663847] ata6: SATA link down (SStatus 0 SControl 300)
